<html>
<body>
<pre>
<h1>礦ision Build Log</h1>
<h2>Tool Versions:</h2>
IDE-Version: μVision V5.23.0.0
Copyright (C) 2017 ARM Ltd and ARM Germany GmbH. All rights reserved.
License Information: clx Administrator, wqer, LIC=8VR56-DVVHS-3MP9Q-NPE6Q-VCYLX-6RJUK
 
Tool Versions:
Toolchain:       MDK-ARM Plus  Version: 5.23
Toolchain Path:  C:\Keil_v5\ARM\ARMCC\Bin
C Compiler:      Armcc.exe V5.06 update 4 (build 422)
Assembler:       Armasm.exe V5.06 update 4 (build 422)
Linker/Locator:  ArmLink.exe V5.06 update 4 (build 422)
Library Manager: ArmAr.exe V5.06 update 4 (build 422)
Hex Converter:   FromElf.exe V5.06 update 4 (build 422)
CPU DLL:         SARMCM3.DLL V5.23
Dialog DLL:      DARMSTM.DLL V1.68.0.0
Target DLL:      Segger\JL2CM3.dll V2.99.23.0
Dialog DLL:      TARMSTM.DLL V1.66.0.0
 
<h2>Project:</h2>
C:\Users\Administrator\Downloads\a4adba90dd40\步进电机S曲线代码资料(购买)\stepmotor\stepmotor-both201401201\RT-Thread_1.2.0\bsp\stm32f10x\project.uvprojx
Project File Date:  09/07/2018

<h2>Output:</h2>
*** Using Compiler 'V5.06 update 4 (build 422)', folder: 'C:\Keil_v5\ARM\ARMCC\Bin'
Rebuild target 'RT-Thread STM32'
compiling application.c...
compiling startup.c...
compiling motor.c...
applications\motor.c(752): warning:  #550-D: variable "MotorTime13Table"  was set but never used
  	uint16_t *MotorTime13Table;
applications\motor.c(753): warning:  #550-D: variable "MotorStep13Table"  was set but never used
  	uint16_t *MotorStep13Table;
applications\motor.c(1530): warning:  #167-D: argument of type "unsigned char *" is incompatible with parameter of type "char *"
  					Deal_Serail_Cmd(MY_Cmd_Buff,7); 
applications\motor.c: 3 warnings, 0 errors
compiling ringbuffer.c...
compiling motor_it.c...
compiling MotorStart.c...
compiling board.c...
drivers\board.c(187): warning:  #223-D: function "rt_hw_usart_init" declared implicitly
      rt_hw_usart_init();
drivers\board.c: 1 warning, 0 errors
compiling stm32f10x_it.c...
compiling led.c...
compiling system_stm32f10x.c...
compiling usart.c...
compiling stm32f10x_crc.c...
compiling stm32f10x_wwdg.c...
compiling stm32f10x_rcc.c...
compiling stm32f10x_pwr.c...
compiling stm32f10x_exti.c...
compiling stm32f10x_bkp.c...
compiling stm32f10x_i2c.c...
compiling stm32f10x_adc.c...
compiling stm32f10x_dac.c...
compiling stm32f10x_rtc.c...
compiling stm32f10x_fsmc.c...
compiling stm32f10x_iwdg.c...
compiling stm32f10x_tim.c...
compiling stm32f10x_spi.c...
compiling stm32f10x_flash.c...
compiling stm32f10x_sdio.c...
compiling stm32f10x_gpio.c...
compiling stm32f10x_dbgmcu.c...
compiling stm32f10x_usart.c...
compiling stm32f10x_dma.c...
compiling stm32f10x_can.c...
compiling stm32f10x_cec.c...
assembling startup_stm32f10x_md.s...
compiling clock.c...
compiling device.c...
compiling idle.c...
compiling irq.c...
compiling misc.c...
compiling ipc.c...
compiling kservice.c...
compiling mem.c...
compiling mempool.c...
compiling object.c...
compiling scheduler.c...
compiling thread.c...
compiling timer.c...
compiling cpuport.c...
assembling context_rvds.S...
..\..\libcpu\arm\cortex-m3\context_rvds.S(206): warning: A1581W: Added 2 bytes of padding at address 0xd6
compiling div0.c...
compiling backtrace.c...
compiling showmem.c...
compiling dataqueue.c...
compiling completion.c...
compiling serial.c...
compiling cmd.c...
compiling pipe.c...
compiling finsh_compiler.c...
compiling finsh_error.c...
compiling finsh_heap.c...
compiling finsh_init.c...
compiling finsh_node.c...
compiling finsh_ops.c...
compiling finsh_parser.c...
compiling finsh_token.c...
compiling finsh_var.c...
compiling msh.c...
compiling finsh_vm.c...
compiling msh_cmd.c...
compiling shell.c...
compiling components.c...
compiling symbol.c...
linking...
Program Size: Code=87394 RO-data=4390 RW-data=508 ZI-data=15532  
FromELF: creating hex file...
After Build - User command #1: fromelf --bin .\build\rtthread-stm32.axf --output rtthread.bin
".\build\rtthread-stm32.axf" - 0 Error(s), 5 Warning(s).

<h2>Software Packages used:</h2>

Package Vendor: ARM
                http://www.keil.com/pack/ARM.CMSIS.5.0.1.pack
                ARM::CMSIS:CORE:5.0.1
                CMSIS (Cortex Microcontroller Software Interface Standard)
   * Component: CORE Version: 5.0.1

<h2>Collection of Component include folders:</h2>
  .\RTE\_RT-Thread_STM32
  C:\Keil_v5\ARM\PACK\ARM\CMSIS\5.0.1\CMSIS\Include
  C:\Keil_v5\ARM\PACK\Keil\STM32F1xx_DFP\2.2.0\Device\Include

<h2>Collection of Component Files used:</h2>

   * Component: ARM::CMSIS:CORE:5.0.1
Build Time Elapsed:  00:00:10
</pre>
</body>
</html>
