Component: ARM Compiler 5.06 update 4 (build 422) Tool: armlink [4d35d2]

==============================================================================

Section Cross References

    application.o(.text) refers to led.o(.text) for rt_hw_led_init
    application.o(.text) refers to thread.o(.text) for rt_thread_delay
    application.o(.text) refers to components.o(.text) for rt_components_init
    application.o(.text) refers to shell.o(.text) for finsh_set_device
    application.o(.text) refers to motorstart.o(.text) for motortest
    application.o(.text) refers to application.o(.bss) for led_stack
    startup.o(.text) refers to kservice.o(.text) for rt_kprintf
    startup.o(.text) refers to motorstart.o(.text) for motortest
    motor.o(.text) refers to stm32f10x_rcc.o(.text) for RCC_APB2PeriphClockCmd
    motor.o(.text) refers to stm32f10x_gpio.o(.text) for GPIO_Init
    motor.o(.text) refers to misc.o(.text) for NVIC_PriorityGroupConfig
    motor.o(.text) refers to stm32f10x_usart.o(.text) for USART_Init
    motor.o(.text) refers to motor.o(.data) for PTxBufferUSART12
    motor.o(.text) refers to motor.o(.bss) for USART1_TxBuffer
    motor.o(.text) refers to motorstart.o(.bss) for motor1
    motor.o(.text) refers to motor_it.o(.text) for TIM1_UP_IRQHandler
    motor.o(.text) refers to frleqf.o(x$fpl$frleqf) for __aeabi_cfrcmple
    motor.o(.text) refers to fleqf.o(x$fpl$fleqf) for __aeabi_cfcmple
    motor.o(.text) refers to f2d.o(x$fpl$f2d) for __aeabi_f2d
    motor.o(.text) refers to dmul.o(x$fpl$dmul) for __aeabi_dmul
    motor.o(.text) refers to daddsub_clz.o(x$fpl$dadd) for __aeabi_dadd
    motor.o(.text) refers to d2f.o(x$fpl$d2f) for __aeabi_d2f
    motor.o(.text) refers to faddsub_clz.o(x$fpl$fadd) for __aeabi_fadd
    motor.o(.text) refers to faddsub_clz.o(x$fpl$fsub) for __aeabi_fsub
    motor.o(.text) refers to fmul.o(x$fpl$fmul) for __aeabi_fmul
    motor.o(.text) refers to ddiv.o(x$fpl$ddiv) for __aeabi_ddiv
    motor.o(.text) refers to daddsub_clz.o(x$fpl$dsub) for __aeabi_dsub
    motor.o(.text) refers to fflt_clz.o(x$fpl$fflt) for __aeabi_i2f
    motor.o(.text) refers to fdiv.o(x$fpl$fdiv) for __aeabi_fdiv
    motor.o(.text) refers to ffixu.o(x$fpl$ffixu) for __aeabi_f2uiz
    motor.o(.text) refers to dleqf.o(x$fpl$dleqf) for __aeabi_cdcmple
    motor.o(.text) refers to stm32f10x_tim.o(.text) for TIM_Cmd
    motor.o(.text) refers to ringbuffer.o(.text) for rt_ringbuffer_peek
    motor.o(.text) refers to stm32f10x_exti.o(.text) for EXTI_ClearITPendingBit
    motor_it.o(.text) refers to stm32f10x_tim.o(.text) for TIM_Cmd
    motor_it.o(.text) refers to motor.o(.text) for USART1_Printfstr
    motor_it.o(.text) refers to stm32f10x_exti.o(.text) for EXTI_GetITStatus
    motor_it.o(.text) refers to motorstart.o(.bss) for motor4
    motorstart.o(.text) refers to stm32f10x_rcc.o(.text) for RCC_DeInit
    motorstart.o(.text) refers to stm32f10x_flash.o(.text) for FLASH_PrefetchBufferCmd
    motorstart.o(.text) refers to motor.o(.text) for Initial_MotorIO
    motorstart.o(.text) refers to ringbuffer.o(.text) for rt_ringbuffer_init
    motorstart.o(.text) refers to motor.o(.bss) for USART1_RxBuffer
    motorstart.o(.text) refers to motorstart.o(.bss) for motor1
    ringbuffer.o(.text) refers to rt_memcpy_v6.o(.text) for __aeabi_memcpy
    board.o(.text) refers to misc.o(.text) for NVIC_SetVectorTable
    board.o(.text) refers to irq.o(.text) for rt_interrupt_enter
    board.o(.text) refers to clock.o(.text) for rt_tick_increase
    board.o(.text) refers to usart.o(.text) for rt_hw_usart_init
    board.o(.text) refers to kservice.o(.text) for rt_console_set_device
    board.o(.text) refers to components.o(.text) for rt_components_board_init
    board.o(.text) refers to system_stm32f10x.o(.data) for SystemCoreClock
    stm32f10x_it.o(.text) refers to ringbuffer.o(.text) for rt_ringbuffer_putchar
    stm32f10x_it.o(.text) refers to motor.o(.bss) for rb_recv
    stm32f10x_it.o(.text) refers to motor.o(.data) for PTxBufferUSART11
    led.o(.text) refers to stm32f10x_rcc.o(.text) for RCC_APB2PeriphClockCmd
    led.o(.text) refers to stm32f10x_gpio.o(.text) for GPIO_Init
    led.o(.text) refers to led.o(.data) for led_inited
    led.o(FSymTab) refers to led.o(.constdata) for __fsym_led_name
    led.o(FSymTab) refers to led.o(.text) for led
    usart.o(.text) refers to kservice.o(.text) for rt_kprintf
    usart.o(.text) refers to stm32f10x_usart.o(.text) for USART_Init
    usart.o(.text) refers to irq.o(.text) for rt_interrupt_enter
    usart.o(.text) refers to serial.o(.text) for rt_hw_serial_isr
    usart.o(.text) refers to stm32f10x_rcc.o(.text) for RCC_APB2PeriphClockCmd
    usart.o(.text) refers to stm32f10x_gpio.o(.text) for GPIO_Init
    usart.o(.text) refers to misc.o(.text) for NVIC_Init
    usart.o(.text) refers to usart.o(.constdata) for __FUNCTION__
    usart.o(.text) refers to usart.o(.data) for uart1
    usart.o(.text) refers to usart.o(.bss) for serial1
[...]
    TIM_ForcedOC2Config                      0x08005f6f   Thumb Code   116  stm32f10x_tim.o(.text)
    TIM_ForcedOC3Config                      0x08005fe3   Thumb Code   160  stm32f10x_tim.o(.text)
    TIM_ForcedOC4Config                      0x08006083   Thumb Code    98  stm32f10x_tim.o(.text)
    TIM_ARRPreloadConfig                     0x080060e5   Thumb Code   162  stm32f10x_tim.o(.text)
    TIM_SelectCOM                            0x08006187   Thumb Code    90  stm32f10x_tim.o(.text)
    TIM_SelectCCDMA                          0x080061e1   Thumb Code   114  stm32f10x_tim.o(.text)
    TIM_CCPreloadControl                     0x08006253   Thumb Code   102  stm32f10x_tim.o(.text)
    TIM_OC1PreloadConfig                     0x080062b9   Thumb Code   142  stm32f10x_tim.o(.text)
    TIM_OC2PreloadConfig                     0x08006347   Thumb Code   114  stm32f10x_tim.o(.text)
    TIM_OC3PreloadConfig                     0x080063b9   Thumb Code    88  stm32f10x_tim.o(.text)
    TIM_OC4PreloadConfig                     0x08006411   Thumb Code   166  stm32f10x_tim.o(.text)
    TIM_OC1FastConfig                        0x080064b7   Thumb Code   142  stm32f10x_tim.o(.text)
    TIM_OC2FastConfig                        0x08006545   Thumb Code   114  stm32f10x_tim.o(.text)
    TIM_OC3FastConfig                        0x080065b7   Thumb Code    88  stm32f10x_tim.o(.text)
    TIM_OC4FastConfig                        0x0800660f   Thumb Code    96  stm32f10x_tim.o(.text)
    TIM_ClearOC1Ref                          0x0800666f   Thumb Code    88  stm32f10x_tim.o(.text)
    TIM_ClearOC2Ref                          0x080066c7   Thumb Code    94  stm32f10x_tim.o(.text)
    TIM_ClearOC3Ref                          0x08006725   Thumb Code    88  stm32f10x_tim.o(.text)
    TIM_ClearOC4Ref                          0x0800677d   Thumb Code    94  stm32f10x_tim.o(.text)
    TIM_OC1PolarityConfig                    0x080067db   Thumb Code   202  stm32f10x_tim.o(.text)
    TIM_OC1NPolarityConfig                   0x080068a5   Thumb Code    82  stm32f10x_tim.o(.text)
    TIM_OC2PolarityConfig                    0x080068f7   Thumb Code   114  stm32f10x_tim.o(.text)
    TIM_OC2NPolarityConfig                   0x08006969   Thumb Code    72  stm32f10x_tim.o(.text)
    TIM_OC3PolarityConfig                    0x080069b1   Thumb Code    96  stm32f10x_tim.o(.text)
    TIM_OC3NPolarityConfig                   0x08006a11   Thumb Code    72  stm32f10x_tim.o(.text)
    TIM_OC4PolarityConfig                    0x08006a59   Thumb Code    96  stm32f10x_tim.o(.text)
    TIM_CCxCmd                               0x08006ab9   Thumb Code   186  stm32f10x_tim.o(.text)
    TIM_CCxNCmd                              0x08006b73   Thumb Code   122  stm32f10x_tim.o(.text)
    TIM_SelectOCxM                           0x08006bed   Thumb Code   326  stm32f10x_tim.o(.text)
    TIM_UpdateDisableConfig                  0x08006d33   Thumb Code   162  stm32f10x_tim.o(.text)
    TIM_UpdateRequestConfig                  0x08006dd5   Thumb Code   162  stm32f10x_tim.o(.text)
    TIM_SelectHallSensor                     0x08006e77   Thumb Code   114  stm32f10x_tim.o(.text)
    TIM_SelectOnePulseMode                   0x08006ee9   Thumb Code   156  stm32f10x_tim.o(.text)
    TIM_SelectOutputTrigger                  0x08006f85   Thumb Code   144  stm32f10x_tim.o(.text)
    TIM_SelectSlaveMode                      0x08007015   Thumb Code   118  stm32f10x_tim.o(.text)
    TIM_SelectMasterSlaveMode                0x0800708b   Thumb Code   176  stm32f10x_tim.o(.text)
    TIM_SetCounter                           0x0800713b   Thumb Code   124  stm32f10x_tim.o(.text)
    TIM_SetAutoreload                        0x080071b7   Thumb Code   124  stm32f10x_tim.o(.text)
    TIM_SetCompare1                          0x08007233   Thumb Code   112  stm32f10x_tim.o(.text)
    TIM_SetCompare2                          0x080072a3   Thumb Code    76  stm32f10x_tim.o(.text)
    TIM_SetCompare3                          0x080072ef   Thumb Code    58  stm32f10x_tim.o(.text)
    TIM_SetCompare4                          0x08007329   Thumb Code    60  stm32f10x_tim.o(.text)
    TIM_SetClockDivision                     0x08007365   Thumb Code   152  stm32f10x_tim.o(.text)
    TIM_GetCapture1                          0x080073fd   Thumb Code   110  stm32f10x_tim.o(.text)
    TIM_GetCapture2                          0x0800746b   Thumb Code    74  stm32f10x_tim.o(.text)
    TIM_GetCapture3                          0x080074b5   Thumb Code   124  stm32f10x_tim.o(.text)
    TIM_GetCapture4                          0x08007531   Thumb Code    58  stm32f10x_tim.o(.text)
    TIM_GetCounter                           0x0800756b   Thumb Code   122  stm32f10x_tim.o(.text)
    TIM_GetPrescaler                         0x080075e5   Thumb Code   122  stm32f10x_tim.o(.text)
    TIM_GetFlagStatus                        0x0800765f   Thumb Code   206  stm32f10x_tim.o(.text)
    TIM_ClearFlag                            0x0800772d   Thumb Code   146  stm32f10x_tim.o(.text)
    TIM_GetITStatus                          0x080077bf   Thumb Code   204  stm32f10x_tim.o(.text)
    TIM_ClearITPendingBit                    0x0800788b   Thumb Code   214  stm32f10x_tim.o(.text)
    FLASH_SetLatency                         0x08007961   Thumb Code    42  stm32f10x_flash.o(.text)
    FLASH_HalfCycleAccessCmd                 0x0800798b   Thumb Code    44  stm32f10x_flash.o(.text)
    FLASH_PrefetchBufferCmd                  0x080079b7   Thumb Code    44  stm32f10x_flash.o(.text)
    FLASH_Unlock                             0x080079e3   Thumb Code    12  stm32f10x_flash.o(.text)
    FLASH_UnlockBank1                        0x080079ef   Thumb Code    12  stm32f10x_flash.o(.text)
    FLASH_Lock                               0x080079fb   Thumb Code    14  stm32f10x_flash.o(.text)
    FLASH_LockBank1                          0x08007a09   Thumb Code    14  stm32f10x_flash.o(.text)
    FLASH_GetBank1Status                     0x08007a17   Thumb Code    48  stm32f10x_flash.o(.text)
    FLASH_WaitForLastOperation               0x08007a47   Thumb Code    38  stm32f10x_flash.o(.text)
    FLASH_ErasePage                          0x08007a6d   Thumb Code    96  stm32f10x_flash.o(.text)
    FLASH_EraseAllPages                      0x08007acd   Thumb Code    68  stm32f10x_flash.o(.text)
    FLASH_WaitForLastBank1Operation          0x08007b11   Thumb Code    38  stm32f10x_flash.o(.text)
    FLASH_EraseAllBank1Pages                 0x08007b37   Thumb Code    68  stm32f10x_flash.o(.text)
    FLASH_GetReadOutProtectionStatus         0x08007b7b   Thumb Code    20  stm32f10x_flash.o(.text)
    FLASH_EraseOptionBytes                   0x08007b8f   Thumb Code   150  stm32f10x_flash.o(.text)
    FLASH_ProgramWord                        0x08007c25   Thumb Code   128  stm32f10x_flash.o(.text)
    FLASH_ProgramHalfWord                    0x08007ca5   Thumb Code    86  stm32f10x_flash.o(.text)
    FLASH_ProgramOptionByteData              0x08007cfb   Thumb Code   184  stm32f10x_flash.o(.text)
    FLASH_EnableWriteProtection              0x08007db3   Thumb Code   198  stm32f10x_flash.o(.text)
    FLASH_ReadOutProtection                  0x08007e79   Thumb Code   180  stm32f10x_flash.o(.text)
    FLASH_UserOptionByteConfig               0x08007f2d   Thumb Code   154  stm32f10x_flash.o(.text)
    FLASH_GetUserOptionByte                  0x08007fc7   Thumb Code     8  stm32f10x_flash.o(.text)
    FLASH_GetWriteProtectionOptionByte       0x08007fcf   Thumb Code     6  stm32f10x_flash.o(.text)
    FLASH_GetPrefetchBufferStatus            0x08007fd5   Thumb Code    20  stm32f10x_flash.o(.text)
    FLASH_ITConfig                           0x08007fe9   Thumb Code    74  stm32f10x_flash.o(.text)
    FLASH_GetFlagStatus                      0x08008033   Thumb Code    96  stm32f10x_flash.o(.text)
    FLASH_ClearFlag                          0x08008093   Thumb Code    32  stm32f10x_flash.o(.text)
    FLASH_GetStatus                          0x080080b3   Thumb Code    48  stm32f10x_flash.o(.text)
    GPIO_DeInit                              0x080080f5   Thumb Code   224  stm32f10x_gpio.o(.text)
    GPIO_AFIODeInit                          0x080081d5   Thumb Code    20  stm32f10x_gpio.o(.text)
    GPIO_Init                                0x080081e9   Thumb Code   378  stm32f10x_gpio.o(.text)
    GPIO_StructInit                          0x08008363   Thumb Code    16  stm32f10x_gpio.o(.text)
    GPIO_ReadInputDataBit                    0x08008373   Thumb Code   170  stm32f10x_gpio.o(.text)
    GPIO_ReadInputData                       0x0800841d   Thumb Code    64  stm32f10x_gpio.o(.text)
    GPIO_ReadOutputDataBit                   0x0800845d   Thumb Code   260  stm32f10x_gpio.o(.text)
    GPIO_ReadOutputData                      0x08008561   Thumb Code    66  stm32f10x_gpio.o(.text)
    GPIO_SetBits                             0x080085a3   Thumb Code    86  stm32f10x_gpio.o(.text)
    GPIO_ResetBits                           0x080085f9   Thumb Code    86  stm32f10x_gpio.o(.text)
    GPIO_WriteBit                            0x0800864f   Thumb Code   188  stm32f10x_gpio.o(.text)
    GPIO_Write                               0x0800870b   Thumb Code    66  stm32f10x_gpio.o(.text)
    GPIO_PinLockConfig                       0x0800874d   Thumb Code   100  stm32f10x_gpio.o(.text)
    GPIO_EventOutputConfig                   0x080087b1   Thumb Code   138  stm32f10x_gpio.o(.text)
    GPIO_EventOutputCmd                      0x0800883b   Thumb Code    30  stm32f10x_gpio.o(.text)
    GPIO_PinRemapConfig                      0x08008859   Thumb Code   552  stm32f10x_gpio.o(.text)
    GPIO_EXTILineConfig                      0x08008a81   Thumb Code   186  stm32f10x_gpio.o(.text)
    GPIO_ETH_MediaInterfaceConfig            0x08008b3b   Thumb Code    30  stm32f10x_gpio.o(.text)
    USART_DeInit                             0x08008b75   Thumb Code   174  stm32f10x_usart.o(.text)
    USART_Init                               0x08008c23   Thumb Code   450  stm32f10x_usart.o(.text)
    USART_StructInit                         0x08008de5   Thumb Code    24  stm32f10x_usart.o(.text)
    USART_ClockInit                          0x08008dfd   Thumb Code   162  stm32f10x_usart.o(.text)
    USART_ClockStructInit                    0x08008e9f   Thumb Code    12  stm32f10x_usart.o(.text)
    USART_Cmd                                0x08008eab   Thumb Code    90  stm32f10x_usart.o(.text)
    USART_ITConfig                           0x08008f05   Thumb Code   340  stm32f10x_usart.o(.text)
    USART_DMACmd                             0x08009059   Thumb Code   114  stm32f10x_usart.o(.text)
    USART_SetAddress                         0x080090cb   Thumb Code    86  stm32f10x_usart.o(.text)
    USART_WakeUpConfig                       0x08009121   Thumb Code    90  stm32f10x_usart.o(.text)
    USART_ReceiverWakeUpCmd                  0x0800917b   Thumb Code    94  stm32f10x_usart.o(.text)
    USART_LINBreakDetectLengthConfig         0x080091d9   Thumb Code    88  stm32f10x_usart.o(.text)
    USART_LINCmd                             0x08009231   Thumb Code    94  stm32f10x_usart.o(.text)
    USART_SendData                           0x0800928f   Thumb Code    78  stm32f10x_usart.o(.text)
    USART_ReceiveData                        0x080092dd   Thumb Code    56  stm32f10x_usart.o(.text)
    USART_SendBreak                          0x08009315   Thumb Code    58  stm32f10x_usart.o(.text)
    USART_SetGuardTime                       0x0800934f   Thumb Code    54  stm32f10x_usart.o(.text)
    USART_SetPrescaler                       0x08009385   Thumb Code    66  stm32f10x_usart.o(.text)
    USART_SmartCardCmd                       0x080093c7   Thumb Code   102  stm32f10x_usart.o(.text)
    USART_SmartCardNACKCmd                   0x0800942d   Thumb Code    82  stm32f10x_usart.o(.text)
    USART_HalfDuplexCmd                      0x0800947f   Thumb Code    94  stm32f10x_usart.o(.text)
    USART_OverSampling8Cmd                   0x080094dd   Thumb Code    92  stm32f10x_usart.o(.text)
    USART_OneBitMethodCmd                    0x08009539   Thumb Code    94  stm32f10x_usart.o(.text)
    USART_IrDAConfig                         0x08009597   Thumb Code    88  stm32f10x_usart.o(.text)
    USART_IrDACmd                            0x080095ef   Thumb Code    94  stm32f10x_usart.o(.text)
    USART_GetFlagStatus                      0x0800964d   Thumb Code   164  stm32f10x_usart.o(.text)
    USART_ClearFlag                          0x080096f1   Thumb Code   122  stm32f10x_usart.o(.text)
    USART_GetITStatus                        0x0800976b   Thumb Code   280  stm32f10x_usart.o(.text)
    USART_ClearITPendingBit                  0x08009883   Thumb Code   158  stm32f10x_usart.o(.text)
    NVIC_PriorityGroupConfig                 0x08009935   Thumb Code    54  misc.o(.text)
    NVIC_Init                                0x0800996b   Thumb Code   158  misc.o(.text)
    NVIC_SetVectorTable                      0x08009a09   Thumb Code    60  misc.o(.text)
    NVIC_SystemLPConfig                      0x08009a45   Thumb Code    78  misc.o(.text)
    SysTick_CLKSourceConfig                  0x08009a93   Thumb Code    62  misc.o(.text)
    Reset_Handler                            0x08009b19   Thumb Code     8  startup_stm32f10x_md.o(.text)
    ADC1_2_IRQHandler                        0x08009b33   Thumb Code     0  startup_stm32f10x_md.o(.text)
    CAN1_RX1_IRQHandler                      0x08009b33   Thumb Code     0  startup_stm32f10x_md.o(.text)
    CAN1_SCE_IRQHandler                      0x08009b33   Thumb Code     0  startup_stm32f10x_md.o(.text)
    DMA1_Channel1_IRQHandler                 0x08009b33   Thumb Code     0  startup_stm32f10x_md.o(.text)
    DMA1_Channel2_IRQHandler                 0x08009b33   Thumb Code     0  startup_stm32f10x_md.o(.text)
    DMA1_Channel3_IRQHandler                 0x08009b33   Thumb Code     0  startup_stm32f10x_md.o(.text)
    DMA1_Channel4_IRQHandler                 0x08009b33   Thumb Code     0  startup_stm32f10x_md.o(.text)
    DMA1_Channel5_IRQHandler                 0x08009b33   Thumb Code     0  startup_stm32f10x_md.o(.text)
    DMA1_Channel6_IRQHandler                 0x08009b33   Thumb Code     0  startup_stm32f10x_md.o(.text)
    DMA1_Channel7_IRQHandler                 0x08009b33   Thumb Code     0  startup_stm32f10x_md.o(.text)
    EXTI15_10_IRQHandler                     0x08009b33   Thumb Code     0  startup_stm32f10x_md.o(.text)
    EXTI3_IRQHandler                         0x08009b33   Thumb Code     0  startup_stm32f10x_md.o(.text)
    EXTI9_5_IRQHandler                       0x08009b33   Thumb Code     0  startup_stm32f10x_md.o(.text)
    FLASH_IRQHandler                         0x08009b33   Thumb Code     0  startup_stm32f10x_md.o(.text)
    I2C1_ER_IRQHandler                       0x08009b33   Thumb Code     0  startup_stm32f10x_md.o(.text)
    I2C1_EV_IRQHandler                       0x08009b33   Thumb Code     0  startup_stm32f10x_md.o(.text)
    I2C2_ER_IRQHandler                       0x08009b33   Thumb Code     0  startup_stm32f10x_md.o(.text)
    I2C2_EV_IRQHandler                       0x08009b33   Thumb Code     0  startup_stm32f10x_md.o(.text)
    PVD_IRQHandler                           0x08009b33   Thumb Code     0  startup_stm32f10x_md.o(.text)
    RCC_IRQHandler                           0x08009b33   Thumb Code     0  startup_stm32f10x_md.o(.text)
    RTCAlarm_IRQHandler                      0x08009b33   Thumb Code     0  startup_stm32f10x_md.o(.text)
    RTC_IRQHandler                           0x08009b33   Thumb Code     0  startup_stm32f10x_md.o(.text)
    SPI1_IRQHandler                          0x08009b33   Thumb Code     0  startup_stm32f10x_md.o(.text)
    SPI2_IRQHandler                          0x08009b33   Thumb Code     0  startup_stm32f10x_md.o(.text)
    TAMPER_IRQHandler                        0x08009b33   Thumb Code     0  startup_stm32f10x_md.o(.text)
    TIM1_BRK_IRQHandler                      0x08009b33   Thumb Code     0  startup_stm32f10x_md.o(.text)
    TIM1_CC_IRQHandler                       0x08009b33   Thumb Code     0  startup_stm32f10x_md.o(.text)
    TIM1_TRG_COM_IRQHandler                  0x08009b33   Thumb Code     0  startup_stm32f10x_md.o(.text)
    USBWakeUp_IRQHandler                     0x08009b33   Thumb Code     0  startup_stm32f10x_md.o(.text)
    USB_HP_CAN1_TX_IRQHandler                0x08009b33   Thumb Code     0  startup_stm32f10x_md.o(.text)
    USB_LP_CAN1_RX0_IRQHandler               0x08009b33   Thumb Code     0  startup_stm32f10x_md.o(.text)
    WWDG_IRQHandler                          0x08009b33   Thumb Code     0  startup_stm32f10x_md.o(.text)
    __user_initial_stackheap                 0x08009b35   Thumb Code     0  startup_stm32f10x_md.o(.text)
    rt_system_tick_init                      0x08009b59   Thumb Code     2  clock.o(.text)
    rt_tick_get                              0x08009b5b   Thumb Code     6  clock.o(.text)
    rt_tick_set                              0x08009b61   Thumb Code    22  clock.o(.text)
    rt_tick_increase                         0x08009b77   Thumb Code    42  clock.o(.text)
    rt_tick_from_millisecond                 0x08009ba1   Thumb Code    22  clock.o(.text)
    rt_device_find                           0x08009bbd   Thumb Code    76  device.o(.text)
    rt_device_register                       0x08009c09   Thumb Code    50  device.o(.text)
    rt_device_unregister                     0x08009c3b   Thumb Code    44  device.o(.text)
    rt_device_init_all                       0x08009c67   Thumb Code    74  device.o(.text)
    rt_device_init                           0x08009cb1   Thumb Code    82  device.o(.text)
    rt_device_open                           0x08009d03   Thumb Code   172  device.o(.text)
    rt_device_close                          0x08009daf   Thumb Code    88  device.o(.text)
    rt_device_read                           0x08009e07   Thumb Code    90  device.o(.text)
    rt_device_write                          0x08009e61   Thumb Code    90  device.o(.text)
    rt_device_control                        0x08009ebb   Thumb Code    60  device.o(.text)
    rt_device_set_rx_indicate                0x08009ef7   Thumb Code    44  device.o(.text)
    rt_device_set_tx_complete                0x08009f23   Thumb Code    44  device.o(.text)
    rt_sem_init                              0x0800a0a1   Thumb Code    64  ipc.o(.text)
    rt_sem_detach                            0x0800a0e1   Thumb Code    52  ipc.o(.text)
    rt_sem_create                            0x0800a115   Thumb Code   102  ipc.o(.text)
    rt_sem_delete                            0x0800a17b   Thumb Code   114  ipc.o(.text)
    rt_sem_take                              0x0800a1ed   Thumb Code   324  ipc.o(.text)
    rt_sem_trytake                           0x0800a331   Thumb Code    14  ipc.o(.text)
    rt_sem_release                           0x0800a33f   Thumb Code    80  ipc.o(.text)
    rt_sem_control                           0x0800a38f   Thumb Code    86  ipc.o(.text)
    rt_mutex_init                            0x0800a3e5   Thumb Code    76  ipc.o(.text)
    rt_mutex_detach                          0x0800a431   Thumb Code    54  ipc.o(.text)
    rt_mutex_create                          0x0800a467   Thumb Code   328  ipc.o(.text)
    rt_mutex_delete                          0x0800a5af   Thumb Code   124  ipc.o(.text)
    rt_mutex_take                            0x0800a62b   Thumb Code   408  ipc.o(.text)
    rt_mutex_release                         0x0800a7c3   Thumb Code   314  ipc.o(.text)
    rt_mutex_control                         0x0800a8fd   Thumb Code     8  ipc.o(.text)
    rt_event_init                            0x0800a905   Thumb Code    66  ipc.o(.text)
    rt_event_detach                          0x0800a947   Thumb Code    56  ipc.o(.text)
    rt_event_create                          0x0800a97f   Thumb Code   164  ipc.o(.text)
    rt_event_delete                          0x0800aa23   Thumb Code   124  ipc.o(.text)
    rt_event_send                            0x0800aa9f   Thumb Code   232  ipc.o(.text)
    rt_event_recv                            0x0800ab87   Thumb Code   450  ipc.o(.text)
    rt_event_control                         0x0800ad49   Thumb Code    86  ipc.o(.text)
    rt_mb_init                               0x0800ad9f   Thumb Code    96  ipc.o(.text)
    rt_mb_detach                             0x0800adff   Thumb Code   120  ipc.o(.text)
    rt_mb_create                             0x0800ae77   Thumb Code   148  ipc.o(.text)
    rt_mb_delete                             0x0800af0b   Thumb Code   138  ipc.o(.text)
    rt_mb_send_wait                          0x0800af95   Thumb Code   444  ipc.o(.text)
    rt_mb_send                               0x0800b151   Thumb Code    18  ipc.o(.text)
    rt_mb_recv                               0x0800b163   Thumb Code   506  ipc.o(.text)
    rt_mb_control                            0x0800b35d   Thumb Code    98  ipc.o(.text)
    rt_mq_init                               0x0800b3bf   Thumb Code   138  ipc.o(.text)
    rt_mq_detach                             0x0800b449   Thumb Code    56  ipc.o(.text)
    rt_mq_delete                             0x0800b481   Thumb Code   126  ipc.o(.text)
    rt_mq_create                             0x0800b4ff   Thumb Code   190  ipc.o(.text)
    rt_mq_send                               0x0800b5bd   Thumb Code   254  ipc.o(.text)
    rt_mq_urgent                             0x0800b6bb   Thumb Code   342  ipc.o(.text)
    rt_mq_recv                               0x0800b811   Thumb Code   530  ipc.o(.text)
    rt_mq_control                            0x0800ba23   Thumb Code   116  ipc.o(.text)
    rt_interrupt_enter                       0x0800baed   Thumb Code    30  irq.o(.text)
    rt_interrupt_leave                       0x0800bb0b   Thumb Code    30  irq.o(.text)
    rt_interrupt_get_nest                    0x0800bb29   Thumb Code     6  irq.o(.text)
    rt_get_errno                             0x0800bb35   Thumb Code    32  kservice.o(.text)
    rt_set_errno                             0x0800bb55   Thumb Code    36  kservice.o(.text)
    _rt_errno                                0x0800bb79   Thumb Code    30  kservice.o(.text)
    rt_memset                                0x0800bb97   Thumb Code    72  kservice.o(.text)
    rt_memcpy                                0x0800bbdf   Thumb Code   124  kservice.o(.text)
    rt_memmove                               0x0800bc5b   Thumb Code    66  kservice.o(.text)
    rt_memcmp                                0x0800bc9d   Thumb Code    38  kservice.o(.text)
    rt_strlen                                0x0800bcc3   Thumb Code    18  kservice.o(.text)
    rt_strstr                                0x0800bcd5   Thumb Code    58  kservice.o(.text)
    rt_strcasecmp                            0x0800bd0f   Thumb Code    48  kservice.o(.text)
    rt_strncpy                               0x0800bd3f   Thumb Code    52  kservice.o(.text)
    rt_strncmp                               0x0800bd73   Thumb Code    40  kservice.o(.text)
    rt_strcmp                                0x0800bd9b   Thumb Code    28  kservice.o(.text)
    rt_strdup                                0x0800bdb7   Thumb Code    40  kservice.o(.text)
    rt_hw_console_output                     0x0800bddf   Thumb Code     2  kservice.o(.text)
    rt_vsnprintf                             0x0800bf97   Thumb Code   800  kservice.o(.text)
    rt_kprintf                               0x0800c2b7   Thumb Code    96  kservice.o(.text)
    rt_show_version                          0x0800c317   Thumb Code    38  kservice.o(.text)
    rt_snprintf                              0x0800c33d   Thumb Code    38  kservice.o(.text)
    rt_vsprintf                              0x0800c363   Thumb Code    22  kservice.o(.text)
    rt_sprintf                               0x0800c379   Thumb Code    34  kservice.o(.text)
    rt_console_get_device                    0x0800c39b   Thumb Code     6  kservice.o(.text)
    rt_console_set_device                    0x0800c3a1   Thumb Code    48  kservice.o(.text)
    rt_malloc_align                          0x0800c3d1   Thumb Code    66  kservice.o(.text)
    rt_free_align                            0x0800c413   Thumb Code    16  kservice.o(.text)
    __rt_ffs                                 0x0800c423   Thumb Code    70  kservice.o(.text)
    rt_malloc_sethook                        0x0800c505   Thumb Code     6  mem.o(.text)
    rt_free_sethook                          0x0800c50b   Thumb Code     6  mem.o(.text)
    rt_system_heap_init                      0x0800c5e7   Thumb Code   222  mem.o(.text)
    rt_malloc                                0x0800c6c5   Thumb Code   940  mem.o(.text)
    rt_free                                  0x0800ca71   Thumb Code   346  mem.o(.text)
    rt_realloc                               0x0800cbcb   Thumb Code   330  mem.o(.text)
    rt_calloc                                0x0800cd15   Thumb Code    98  mem.o(.text)
    rt_memory_info                           0x0800cd77   Thumb Code    26  mem.o(.text)
    list_mem                                 0x0800cd91   Thumb Code    34  mem.o(.text)
    rt_object_attach_sethook                 0x0800ced9   Thumb Code     6  object.o(.text)
    rt_object_detach_sethook                 0x0800cedf   Thumb Code     6  object.o(.text)
    rt_object_trytake_sethook                0x0800cee5   Thumb Code     6  object.o(.text)
    rt_object_take_sethook                   0x0800ceeb   Thumb Code     6  object.o(.text)
    rt_object_put_sethook                    0x0800cef1   Thumb Code     6  object.o(.text)
    rt_system_object_init                    0x0800cef7   Thumb Code     2  object.o(.text)
    rt_object_get_information                0x0800cef9   Thumb Code    10  object.o(.text)
    rt_object_init                           0x0800cf03   Thumb Code    76  object.o(.text)
    rt_object_detach                         0x0800cf4f   Thumb Code    74  object.o(.text)
    rt_object_allocate                       0x0800cf99   Thumb Code   150  object.o(.text)
    rt_object_delete                         0x0800d02f   Thumb Code   120  object.o(.text)
    rt_object_is_systemobject                0x0800d0a7   Thumb Code    52  object.o(.text)
    rt_object_find                           0x0800d0db   Thumb Code   110  object.o(.text)
    rt_scheduler_sethook                     0x0800d201   Thumb Code     6  scheduler.o(.text)
    rt_system_scheduler_init                 0x0800d26b   Thumb Code    56  scheduler.o(.text)
    rt_system_scheduler_start                0x0800d2a3   Thumb Code    36  scheduler.o(.text)
    rt_schedule                              0x0800d2c7   Thumb Code   134  scheduler.o(.text)
    rt_schedule_insert_thread                0x0800d34d   Thumb Code   100  scheduler.o(.text)
    rt_schedule_remove_thread                0x0800d3b1   Thumb Code   112  scheduler.o(.text)
    rt_enter_critical                        0x0800d421   Thumb Code    28  scheduler.o(.text)
    rt_exit_critical                         0x0800d43d   Thumb Code    54  scheduler.o(.text)
    rt_critical_level                        0x0800d473   Thumb Code     8  scheduler.o(.text)
    rt_thread_timeout                        0x0800d5a1   Thumb Code   102  thread.o(.text)
    rt_thread_init                           0x0800d6a5   Thumb Code   110  thread.o(.text)
    rt_thread_self                           0x0800d713   Thumb Code     6  thread.o(.text)
    rt_thread_resume                         0x0800d719   Thumb Code    96  thread.o(.text)
    rt_thread_startup                        0x0800d779   Thumb Code   116  thread.o(.text)
    rt_thread_detach                         0x0800d7ed   Thumb Code    90  thread.o(.text)
    rt_thread_create                         0x0800d847   Thumb Code    80  thread.o(.text)
    rt_thread_delete                         0x0800d897   Thumb Code    82  thread.o(.text)
    rt_thread_yield                          0x0800d8e9   Thumb Code   314  thread.o(.text)
    rt_thread_suspend                        0x0800da23   Thumb Code    90  thread.o(.text)
    rt_thread_sleep                          0x0800da7d   Thumb Code   100  thread.o(.text)
    rt_thread_delay                          0x0800dae1   Thumb Code    12  thread.o(.text)
    rt_thread_control                        0x0800daed   Thumb Code   146  thread.o(.text)
    rt_thread_find                           0x0800db7f   Thumb Code    76  thread.o(.text)
    rt_timer_timeout_sethook                 0x0800dbef   Thumb Code     6  timer.o(.text)
    rt_timer_dump                            0x0800dca5   Thumb Code    46  timer.o(.text)
    rt_timer_init                            0x0800dcd3   Thumb Code    76  timer.o(.text)
    rt_timer_detach                          0x0800dd1f   Thumb Code    62  timer.o(.text)
    rt_timer_create                          0x0800dd5d   Thumb Code    54  timer.o(.text)
    rt_timer_delete                          0x0800dd93   Thumb Code    64  timer.o(.text)
    rt_timer_start                           0x0800ddd3   Thumb Code   330  timer.o(.text)
    rt_timer_stop                            0x0800df1d   Thumb Code    98  timer.o(.text)
    rt_timer_control                         0x0800df7f   Thumb Code   234  timer.o(.text)
    rt_timer_check                           0x0800e069   Thumb Code   148  timer.o(.text)
    rt_timer_next_timeout_tick               0x0800e0fd   Thumb Code    10  timer.o(.text)
    rt_system_timer_init                     0x0800e107   Thumb Code    24  timer.o(.text)
    rt_system_timer_thread_init              0x0800e11f   Thumb Code     2  timer.o(.text)
    rt_hw_stack_init                         0x0800e141   Thumb Code    70  cpuport.o(.text)
    rt_hw_exception_install                  0x0800e187   Thumb Code     6  cpuport.o(.text)
    rt_hw_hard_fault_exception               0x0800e36b   Thumb Code   198  cpuport.o(.text)
    rt_hw_cpu_shutdown                       0x0800e431   Thumb Code    38  cpuport.o(.text)
    rt_hw_interrupt_disable                  0x0800e745   Thumb Code     8  context_rvds.o(.text)
    rt_hw_interrupt_enable                   0x0800e74d   Thumb Code     6  context_rvds.o(.text)
    rt_hw_context_switch                     0x0800e753   Thumb Code    32  context_rvds.o(.text)
    rt_hw_context_switch_interrupt           0x0800e753   Thumb Code     0  context_rvds.o(.text)
    PendSV_Handler                           0x0800e773   Thumb Code    60  context_rvds.o(.text)
    rt_hw_context_switch_to                  0x0800e7af   Thumb Code    56  context_rvds.o(.text)
    rt_hw_interrupt_thread_switch            0x0800e7e7   Thumb Code     4  context_rvds.o(.text)
    HardFault_Handler                        0x0800e7eb   Thumb Code    48  context_rvds.o(.text)
    rt_hw_serial_register                    0x0800ebe3   Thumb Code   256  serial.o(.text)
    rt_hw_serial_isr                         0x0800ece3   Thumb Code   184  serial.o(.text)
    rt_hw_serial_dma_tx_isr                  0x0800ed9b   Thumb Code    64  serial.o(.text)
    rt_data_queue_init                       0x0800ee1f   Thumb Code    92  dataqueue.o(.text)
    rt_data_queue_push                       0x0800ee7b   Thumb Code   314  dataqueue.o(.text)
    rt_data_queue_pop                        0x0800efb5   Thumb Code   414  dataqueue.o(.text)
    rt_data_queue_peak                       0x0800f153   Thumb Code   112  dataqueue.o(.text)
    rt_data_queue_reset                      0x0800f1c3   Thumb Code   252  dataqueue.o(.text)
    hello                                    0x0800f2e9   Thumb Code    12  cmd.o(.text)
    version                                  0x0800f2f5   Thumb Code    10  cmd.o(.text)
    list_thread                              0x0800f3ab   Thumb Code    10  cmd.o(.text)
    list_sem                                 0x0800f449   Thumb Code    12  cmd.o(.text)
    list_event                               0x0800f4b5   Thumb Code    12  cmd.o(.text)
    list_mutex                               0x0800f503   Thumb Code    12  cmd.o(.text)
    list_mailbox                             0x0800f587   Thumb Code    12  cmd.o(.text)
    list_msgqueue                            0x0800f5ff   Thumb Code    12  cmd.o(.text)
    list_mempool                             0x0800f671   Thumb Code    12  cmd.o(.text)
    list_timer                               0x0800fab5   Thumb Code    10  cmd.o(.text)
    list_device                              0x0800fb0d   Thumb Code    12  cmd.o(.text)
    list                                     0x0800fb19   Thumb Code   126  cmd.o(.text)
    list_prefix                              0x0800fbd9   Thumb Code   434  cmd.o(.text)
    finsh_compiler_run                       0x08011617   Thumb Code    88  finsh_compiler.o(.text)
    finsh_error_init                         0x08011681   Thumb Code     8  finsh_error.o(.text)
    finsh_error_set                          0x08011689   Thumb Code    10  finsh_error.o(.text)
    finsh_errno                              0x08011693   Thumb Code     6  finsh_error.o(.text)
    finsh_error_string                       0x08011699   Thumb Code    10  finsh_error.o(.text)
    finsh_heap_init                          0x080116ad   Thumb Code    36  finsh_heap.o(.text)
    finsh_heap_free                          0x080117d1   Thumb Code    34  finsh_heap.o(.text)
    finsh_heap_allocate                      0x08011841   Thumb Code   106  finsh_heap.o(.text)
    finsh_init                               0x080118bd   Thumb Code    30  finsh_init.o(.text)
    finsh_stack_bottom                       0x080118db   Thumb Code     6  finsh_init.o(.text)
    finsh_flush                              0x080118e1   Thumb Code    22  finsh_init.o(.text)
    finsh_reset                              0x080118f7   Thumb Code    24  finsh_init.o(.text)
    finsh_node_init                          0x08011915   Thumb Code    16  finsh_node.o(.text)
    finsh_node_allocate                      0x08011925   Thumb Code    56  finsh_node.o(.text)
    finsh_node_new_id                        0x0801195d   Thumb Code   118  finsh_node.o(.text)
    finsh_node_new_char                      0x080119d3   Thumb Code    30  finsh_node.o(.text)
    finsh_node_new_int                       0x080119f1   Thumb Code    30  finsh_node.o(.text)
    finsh_node_new_long                      0x08011a0f   Thumb Code    30  finsh_node.o(.text)
    finsh_node_new_string                    0x08011a2d   Thumb Code    74  finsh_node.o(.text)
    finsh_node_new_ptr                       0x08011a77   Thumb Code    30  finsh_node.o(.text)
    OP_no_op                                 0x08011a99   Thumb Code     2  finsh_ops.o(.text)
    OP_add_byte                              0x08011a9b   Thumb Code    42  finsh_ops.o(.text)
    OP_add_word                              0x08011ac5   Thumb Code    44  finsh_ops.o(.text)
    OP_add_dword                             0x08011af1   Thumb Code    42  finsh_ops.o(.text)
    OP_sub_byte                              0x08011b1b   Thumb Code    42  finsh_ops.o(.text)
    OP_sub_word                              0x08011b45   Thumb Code    44  finsh_ops.o(.text)
    OP_sub_dword                             0x08011b71   Thumb Code    42  finsh_ops.o(.text)
    OP_div_byte                              0x08011b9b   Thumb Code    44  finsh_ops.o(.text)
    OP_div_word                              0x08011bc7   Thumb Code    46  finsh_ops.o(.text)
    OP_div_dword                             0x08011bf5   Thumb Code    44  finsh_ops.o(.text)
    OP_mod_byte                              0x08011c21   Thumb Code    48  finsh_ops.o(.text)
    OP_mod_word                              0x08011c51   Thumb Code    48  finsh_ops.o(.text)
    OP_mod_dword                             0x08011c81   Thumb Code    48  finsh_ops.o(.text)
    OP_mul_byte                              0x08011cb1   Thumb Code    42  finsh_ops.o(.text)
    OP_mul_word                              0x08011cdb   Thumb Code    44  finsh_ops.o(.text)
    OP_mul_dword                             0x08011d07   Thumb Code    42  finsh_ops.o(.text)
    OP_and_byte                              0x08011d31   Thumb Code    42  finsh_ops.o(.text)
    OP_and_word                              0x08011d5b   Thumb Code    42  finsh_ops.o(.text)
    OP_and_dword                             0x08011d85   Thumb Code    42  finsh_ops.o(.text)
    OP_or_byte                               0x08011daf   Thumb Code    42  finsh_ops.o(.text)
    OP_or_word                               0x08011dd9   Thumb Code    42  finsh_ops.o(.text)
    OP_or_dword                              0x08011e03   Thumb Code    42  finsh_ops.o(.text)
    OP_xor_byte                              0x08011e2d   Thumb Code    42  finsh_ops.o(.text)
    OP_xor_word                              0x08011e57   Thumb Code    46  finsh_ops.o(.text)
    OP_xor_dword                             0x08011e85   Thumb Code    42  finsh_ops.o(.text)
    OP_bw_byte                               0x08011eaf   Thumb Code    20  finsh_ops.o(.text)
    OP_bw_word                               0x08011ec3   Thumb Code    20  finsh_ops.o(.text)
    OP_bw_dword                              0x08011ed7   Thumb Code    20  finsh_ops.o(.text)
    OP_shl_byte                              0x08011eeb   Thumb Code    42  finsh_ops.o(.text)
    OP_shl_word                              0x08011f15   Thumb Code    44  finsh_ops.o(.text)
    OP_shl_dword                             0x08011f41   Thumb Code    42  finsh_ops.o(.text)
    OP_shr_byte                              0x08011f6b   Thumb Code    42  finsh_ops.o(.text)
    OP_shr_word                              0x08011f95   Thumb Code    42  finsh_ops.o(.text)
    OP_shr_dword                             0x08011fbf   Thumb Code    42  finsh_ops.o(.text)
    OP_ld_byte                               0x08011fe9   Thumb Code    34  finsh_ops.o(.text)
    OP_ld_word                               0x0801200b   Thumb Code    46  finsh_ops.o(.text)
    OP_ld_dword                              0x08012039   Thumb Code    64  finsh_ops.o(.text)
    OP_ld_value_byte                         0x08012079   Thumb Code    66  finsh_ops.o(.text)
    OP_ld_value_byte_stack                   0x080120bb   Thumb Code    20  finsh_ops.o(.text)
    OP_ld_value_word                         0x080120cf   Thumb Code    66  finsh_ops.o(.text)
    OP_ld_value_word_stack                   0x08012111   Thumb Code    20  finsh_ops.o(.text)
    OP_ld_value_dword                        0x08012125   Thumb Code    66  finsh_ops.o(.text)
    OP_ld_value_dword_stack                  0x08012167   Thumb Code    20  finsh_ops.o(.text)
    OP_st_byte                               0x0801217b   Thumb Code    30  finsh_ops.o(.text)
    OP_st_word                               0x08012199   Thumb Code    30  finsh_ops.o(.text)
    OP_st_dword                              0x080121b7   Thumb Code    30  finsh_ops.o(.text)
    OP_pop                                   0x080121d5   Thumb Code    12  finsh_ops.o(.text)
    OP_call                                  0x080121e1   Thumb Code   906  finsh_ops.o(.text)
    finsh_parser_run                         0x08012e01   Thumb Code   220  finsh_parser.o(.text)
    finsh_parser_init                        0x08012edd   Thumb Code    16  finsh_parser.o(.text)
    finsh_token_init                         0x08012eed   Thumb Code    20  finsh_token.o(.text)
    token_get_string                         0x080132c1   Thumb Code   120  finsh_token.o(.text)
    finsh_token_token                        0x080134f9   Thumb Code    24  finsh_token.o(.text)
    finsh_token_get_token                    0x08013511   Thumb Code    20  finsh_token.o(.text)
    finsh_var_init                           0x08013529   Thumb Code    14  finsh_var.o(.text)
    finsh_var_insert                         0x08013537   Thumb Code   114  finsh_var.o(.text)
    finsh_var_delete                         0x080135a9   Thumb Code    68  finsh_var.o(.text)
    finsh_var_lookup                         0x080135ed   Thumb Code    58  finsh_var.o(.text)
    finsh_sysvar_append                      0x08013627   Thumb Code    62  finsh_var.o(.text)
    finsh_sysvar_lookup                      0x08013665   Thumb Code    78  finsh_var.o(.text)
    finsh_vm_run                             0x080136c5   Thumb Code    62  finsh_vm.o(.text)
    finsh_syscall_append                     0x08013703   Thumb Code    54  finsh_vm.o(.text)
    finsh_syscall_lookup                     0x08013739   Thumb Code    78  finsh_vm.o(.text)
    finsh_set_device                         0x080137dd   Thumb Code   134  shell.o(.text)
    finsh_get_device                         0x08013863   Thumb Code    46  shell.o(.text)
    finsh_set_echo                           0x08013891   Thumb Code    48  shell.o(.text)
    finsh_get_echo                           0x080138c1   Thumb Code    50  shell.o(.text)
    finsh_run_line                           0x0801390f   Thumb Code   150  shell.o(.text)
    finsh_thread_entry                       0x08013a61   Thumb Code  1624  shell.o(.text)
    finsh_system_function_init               0x080140b9   Thumb Code    10  shell.o(.text)
    finsh_system_var_init                    0x080140c3   Thumb Code    10  shell.o(.text)
    finsh_system_init                        0x080140cd   Thumb Code   122  shell.o(.text)
    rt_components_board_init                 0x080141a9   Thumb Code    20  components.o(.text)
    rt_components_init                       0x080141bd   Thumb Code    20  components.o(.text)
    atoi                                     0x080141dd   Thumb Code    26  atoi.o(.text)
    strlen                                   0x080141f7   Thumb Code    62  strlen.o(.text)
    strncmp                                  0x08014235   Thumb Code   150  strncmp.o(.text)
    __aeabi_memcpy                           0x080142cb   Thumb Code     0  rt_memcpy_v6.o(.text)
    __rt_memcpy                              0x080142cb   Thumb Code   138  rt_memcpy_v6.o(.text)
    _memcpy_lastbytes                        0x08014331   Thumb Code     0  rt_memcpy_v6.o(.text)
    __aeabi_memcpy4                          0x08014355   Thumb Code     0  rt_memcpy_w.o(.text)
    __aeabi_memcpy8                          0x08014355   Thumb Code     0  rt_memcpy_w.o(.text)
    __rt_memcpy_w                            0x08014355   Thumb Code   100  rt_memcpy_w.o(.text)
    _memcpy_lastbytes_aligned                0x0801439d   Thumb Code     0  rt_memcpy_w.o(.text)
    __aeabi_memclr                           0x080143b9   Thumb Code     0  rt_memclr.o(.text)
    __rt_memclr                              0x080143b9   Thumb Code    68  rt_memclr.o(.text)
    _memset                                  0x080143bd   Thumb Code     0  rt_memclr.o(.text)
    __aeabi_memclr4                          0x080143fd   Thumb Code     0  rt_memclr_w.o(.text)
    __aeabi_memclr8                          0x080143fd   Thumb Code     0  rt_memclr_w.o(.text)
    __rt_memclr_w                            0x080143fd   Thumb Code    78  rt_memclr_w.o(.text)
    _memset_w                                0x08014401   Thumb Code     0  rt_memclr_w.o(.text)
    strncpy                                  0x0801444b   Thumb Code    86  strncpy.o(.text)
    strcmp                                   0x080144a1   Thumb Code   128  strcmpv7m.o(.text)
    __use_two_region_memory                  0x08014521   Thumb Code     2  heapauxi.o(.text)
    __rt_heap_escrow$2region                 0x08014523   Thumb Code     2  heapauxi.o(.text)
    __rt_heap_expand$2region                 0x08014525   Thumb Code     2  heapauxi.o(.text)
    __aeabi_errno_addr                       0x08014529   Thumb Code     8  rt_errno_addr_intlibspace.o(.text)
    __errno$intlibspace                      0x08014529   Thumb Code     0  rt_errno_addr_intlibspace.o(.text)
    __rt_errno_addr$intlibspace              0x08014529   Thumb Code     0  rt_errno_addr_intlibspace.o(.text)
    strtol                                   0x08014531   Thumb Code   112  strtol.o(.text)
    __user_libspace                          0x080145a1   Thumb Code     8  libspace.o(.text)
    __user_perproc_libspace                  0x080145a1   Thumb Code     0  libspace.o(.text)
    __user_perthread_libspace                0x080145a1   Thumb Code     0  libspace.o(.text)
    __rt_ctype_table                         0x080145a9   Thumb Code    16  rt_ctype_table.o(.text)
    _strtoul                                 0x080145b9   Thumb Code   158  _strtoul.o(.text)
    __user_setup_stackheap                   0x08014657   Thumb Code    74  sys_stackheap_outer.o(.text)
    __rt_locale                              0x080146a1   Thumb Code     8  rt_locale_intlibspace.o(.text)
    _chval                                   0x080146a9   Thumb Code    28  _chval.o(.text)
    exit                                     0x080146c5   Thumb Code    18  exit.o(.text)
    _sys_exit                                0x080146d9   Thumb Code     8  sys_exit.o(.text)
    __I$use$semihosting                      0x080146e5   Thumb Code     0  use_no_semi.o(.text)
    __use_no_semihosting_swi                 0x080146e5   Thumb Code     2  use_no_semi.o(.text)
    __semihosting_library_function           0x080146e7   Thumb Code     0  indicate_semi.o(.text)
    _get_lc_ctype                            0x080146e9   Thumb Code    44  lc_ctype_c.o(locale$$code)
    __aeabi_d2f                              0x08014715   Thumb Code     0  d2f.o(x$fpl$d2f)
    _d2f                                     0x08014715   Thumb Code    98  d2f.o(x$fpl$d2f)
    __aeabi_dadd                             0x08014779   Thumb Code     0  daddsub_clz.o(x$fpl$dadd)
    _dadd                                    0x08014779   Thumb Code   332  daddsub_clz.o(x$fpl$dadd)
    __fpl_dcmp_Inf                           0x080148c9   Thumb Code    24  dcmpi.o(x$fpl$dcmpinf)
    __aeabi_ddiv                             0x080148e1   Thumb Code     0  ddiv.o(x$fpl$ddiv)
    _ddiv                                    0x080148e1   Thumb Code   552  ddiv.o(x$fpl$ddiv)
    __aeabi_cdcmple                          0x08014b91   Thumb Code     0  dleqf.o(x$fpl$dleqf)
    _dcmple                                  0x08014b91   Thumb Code   120  dleqf.o(x$fpl$dleqf)
    __fpl_dcmple_InfNaN                      0x08014bf3   Thumb Code     0  dleqf.o(x$fpl$dleqf)
    __aeabi_dmul                             0x08014c09   Thumb Code     0  dmul.o(x$fpl$dmul)
    _dmul                                    0x08014c09   Thumb Code   332  dmul.o(x$fpl$dmul)
    __fpl_dnaninf                            0x08014d5d   Thumb Code   156  dnaninf.o(x$fpl$dnaninf)
    __fpl_dretinf                            0x08014df9   Thumb Code    12  dretinf.o(x$fpl$dretinf)
    __aeabi_dsub                             0x08014e05   Thumb Code     0  daddsub_clz.o(x$fpl$dsub)
    _dsub                                    0x08014e05   Thumb Code   464  daddsub_clz.o(x$fpl$dsub)
    __aeabi_f2d                              0x08014fd9   Thumb Code     0  f2d.o(x$fpl$f2d)
    _f2d                                     0x08014fd9   Thumb Code    86  f2d.o(x$fpl$f2d)
    __aeabi_fadd                             0x08015031   Thumb Code     0  faddsub_clz.o(x$fpl$fadd)
    _fadd                                    0x08015031   Thumb Code   196  faddsub_clz.o(x$fpl$fadd)
    __fpl_fcmp_Inf                           0x080150f5   Thumb Code    24  fcmpi.o(x$fpl$fcmpinf)
    __aeabi_fdiv                             0x0801510d   Thumb Code     0  fdiv.o(x$fpl$fdiv)
    _fdiv                                    0x0801510d   Thumb Code   384  fdiv.o(x$fpl$fdiv)
    __aeabi_f2uiz                            0x08015291   Thumb Code     0  ffixu.o(x$fpl$ffixu)
    _ffixu                                   0x08015291   Thumb Code    62  ffixu.o(x$fpl$ffixu)
    __aeabi_i2f                              0x080152d1   Thumb Code     0  fflt_clz.o(x$fpl$fflt)
    _fflt                                    0x080152d1   Thumb Code    48  fflt_clz.o(x$fpl$fflt)
    __aeabi_cfcmple                          0x08015301   Thumb Code     0  fleqf.o(x$fpl$fleqf)
    _fcmple                                  0x08015301   Thumb Code   104  fleqf.o(x$fpl$fleqf)
    __fpl_fcmple_InfNaN                      0x08015353   Thumb Code     0  fleqf.o(x$fpl$fleqf)
    __aeabi_fmul                             0x08015369   Thumb Code     0  fmul.o(x$fpl$fmul)
    _fmul                                    0x08015369   Thumb Code   258  fmul.o(x$fpl$fmul)
    __fpl_fnaninf                            0x0801546b   Thumb Code   140  fnaninf.o(x$fpl$fnaninf)
    __fpl_fretinf                            0x080154f7   Thumb Code    10  fretinf.o(x$fpl$fretinf)
    __aeabi_cfrcmple                         0x08015501   Thumb Code     0  frleqf.o(x$fpl$frleqf)
    _frcmple                                 0x08015501   Thumb Code    98  frleqf.o(x$fpl$frleqf)
    __aeabi_fsub                             0x08015565   Thumb Code     0  faddsub_clz.o(x$fpl$fsub)
    _fsub                                    0x08015565   Thumb Code   234  faddsub_clz.o(x$fpl$fsub)
    __I$use$fp                               0x0801564e   Number         0  usenofp.o(x$fpl$usenofp)
    __fsym_led_name                          0x0801564e   Data           4  led.o(.constdata)
    __fsym_led_desc                          0x08015652   Data          32  led.o(.constdata)
    __lowest_bit_bitmap                      0x08015943   Data         256  kservice.o(.constdata)
    __fsym_list_mem_name                     0x08015a65   Data           9  mem.o(.constdata)
    __fsym_list_mem_desc                     0x08015a6e   Data          30  mem.o(.constdata)
    __fsym_hello_name                        0x08015d68   Data           6  cmd.o(.constdata)
    __fsym_hello_desc                        0x08015d6e   Data          16  cmd.o(.constdata)
    __fsym_version_name                      0x08015d7e   Data           8  cmd.o(.constdata)
    __fsym_version_desc                      0x08015d86   Data          35  cmd.o(.constdata)
    __fsym_list_thread_name                  0x08015da9   Data          12  cmd.o(.constdata)
    __fsym_list_thread_desc                  0x08015db5   Data          12  cmd.o(.constdata)
    __fsym_list_sem_name                     0x08015dc1   Data           9  cmd.o(.constdata)
    __fsym_list_sem_desc                     0x08015dca   Data          25  cmd.o(.constdata)
    __fsym_list_event_name                   0x08015de3   Data          11  cmd.o(.constdata)
    __fsym_list_event_desc                   0x08015dee   Data          21  cmd.o(.constdata)
    __fsym_list_mutex_name                   0x08015e03   Data          11  cmd.o(.constdata)
    __fsym_list_mutex_desc                   0x08015e0e   Data          21  cmd.o(.constdata)
    __fsym_list_mailbox_name                 0x08015e23   Data          13  cmd.o(.constdata)
    __fsym_list_mailbox_desc                 0x08015e30   Data          24  cmd.o(.constdata)
    __fsym_list_msgqueue_name                0x08015e48   Data          14  cmd.o(.constdata)
    __fsym_list_msgqueue_desc                0x08015e56   Data          29  cmd.o(.constdata)
    __fsym_list_mempool_name                 0x08015e73   Data          13  cmd.o(.constdata)
    __fsym_list_mempool_desc                 0x08015e80   Data          27  cmd.o(.constdata)
    __fsym_list_timer_name                   0x08015e9b   Data          11  cmd.o(.constdata)
    __fsym_list_timer_desc                   0x08015ea6   Data          21  cmd.o(.constdata)
    __fsym_list_device_name                  0x08015ebb   Data          12  cmd.o(.constdata)
    __fsym_list_device_desc                  0x08015ec7   Data          22  cmd.o(.constdata)
    __fsym_list_name                         0x08015edd   Data           5  cmd.o(.constdata)
    __fsym_list_desc                         0x08015ee2   Data          26  cmd.o(.constdata)
    __vsym_dummy_name                        0x08015efc   Data           6  cmd.o(.constdata)
    __vsym_dummy_desc                        0x08015f02   Data          25  cmd.o(.constdata)
    op_table                                 0x08015f68   Data         196  finsh_ops.o(.constdata)
    __rt_init_rti_start                      0x08016490   Data           4  components.o(.rti_fn.0)
    __rt_init_rti_board_end                  0x08016494   Data           4  components.o(.rti_fn.1.post)
    __rt_init_finsh_system_init              0x08016498   Data           4  shell.o(.rti_fn.3)
    __rt_init_rti_end                        0x0801649c   Data           4  components.o(.rti_fn.7)
    FSymTab$$Base                            0x080164a0   Number         0  led.o(FSymTab)
    __fsym_led                               0x080164a0   Data          12  led.o(FSymTab)
    __fsym_list_mem                          0x080164ac   Data          12  mem.o(FSymTab)
    __fsym_hello                             0x080164b8   Data          12  cmd.o(FSymTab)
    __fsym_version                           0x080164c4   Data          12  cmd.o(FSymTab)
    __fsym_list_thread                       0x080164d0   Data          12  cmd.o(FSymTab)
    __fsym_list_sem                          0x080164dc   Data          12  cmd.o(FSymTab)
    __fsym_list_event                        0x080164e8   Data          12  cmd.o(FSymTab)
    __fsym_list_mutex                        0x080164f4   Data          12  cmd.o(FSymTab)
    __fsym_list_mailbox                      0x08016500   Data          12  cmd.o(FSymTab)
    __fsym_list_msgqueue                     0x0801650c   Data          12  cmd.o(FSymTab)
    __fsym_list_mempool                      0x08016518   Data          12  cmd.o(FSymTab)
    __fsym_list_timer                        0x08016524   Data          12  cmd.o(FSymTab)
    __fsym_list_device                       0x08016530   Data          12  cmd.o(FSymTab)
    __fsym_list                              0x0801653c   Data          12  cmd.o(FSymTab)
    FSymTab$$Limit                           0x08016548   Number         0  cmd.o(FSymTab)
    Region$$Table$$Base                      0x08016548   Number         0  anon$$obj.o(Region$$Table)
    Region$$Table$$Limit                     0x08016568   Number         0  anon$$obj.o(Region$$Table)
    VSymTab$$Base                            0x08016568   Number         0  cmd.o(VSymTab)
    __vsym_dummy                             0x08016568   Data          16  cmd.o(VSymTab)
    VSymTab$$Limit                           0x08016578   Number         0  cmd.o(VSymTab)
    __ctype                                  0x08016585   Data           0  lc_ctype_c.o(locale$$data)
    PTxBufferUSART11                         0x20000000   Data           2  motor.o(.data)
    PTxBufferUSART12                         0x20000002   Data           2  motor.o(.data)
    USART1_TxCounter                         0x20000004   Data           2  motor.o(.data)
    USART1_RxCounter                         0x20000006   Data           2  motor.o(.data)
    USART1_NbrOfDataToTransfer               0x20000008   Data           2  motor.o(.data)
    PRxBufferUSART11                         0x2000000a   Data           2  motor.o(.data)
    PRxBufferUSART12                         0x2000000c   Data           2  motor.o(.data)
    USART1_NbrOfDataReceived                 0x2000000e   Data           1  motor.o(.data)
    USART1_Received_Flag                     0x2000000f   Data           1  motor.o(.data)
    PTxBufferUSART21                         0x20000010   Data           2  motor.o(.data)
    PTxBufferUSART22                         0x20000012   Data           2  motor.o(.data)
    USART2_TxCounter                         0x20000014   Data           2  motor.o(.data)
    USART2_RxCounter                         0x20000016   Data           2  motor.o(.data)
    USART2_NbrOfDataToTransfer               0x20000018   Data           2  motor.o(.data)
    PRxBufferUSART21                         0x2000001a   Data           2  motor.o(.data)
    PRxBufferUSART22                         0x2000001c   Data           2  motor.o(.data)
    USART2_NbrOfDataReceived                 0x2000001e   Data           1  motor.o(.data)
    USART2_Received_Flag                     0x2000001f   Data           1  motor.o(.data)
    PTxBufferUSART31                         0x20000020   Data           2  motor.o(.data)
    PTxBufferUSART32                         0x20000022   Data           2  motor.o(.data)
    USART3_TxCounter                         0x20000024   Data           2  motor.o(.data)
    USART3_RxCounter                         0x20000026   Data           2  motor.o(.data)
    USART3_NbrOfDataToTransfer               0x20000028   Data           2  motor.o(.data)
    PRxBufferUSART31                         0x2000002a   Data           2  motor.o(.data)
    PRxBufferUSART32                         0x2000002c   Data           2  motor.o(.data)
    USART3_NbrOfDataReceived                 0x2000002e   Data           1  motor.o(.data)
    USART3_Received_Flag                     0x2000002f   Data           1  motor.o(.data)
    uart1                                    0x20000034   Data           8  usart.o(.data)
    uart2                                    0x2000003c   Data           8  usart.o(.data)
    uart3                                    0x20000044   Data           8  usart.o(.data)
    SystemCoreClock                          0x2000004c   Data           4  system_stm32f10x.o(.data)
    AHBPrescTable                            0x20000050   Data          16  system_stm32f10x.o(.data)
    rt_interrupt_nest                        0x20000078   Data           1  irq.o(.data)
    rt_object_container                      0x200000a4   Data         144  object.o(.data)
    rt_object_trytake_hook                   0x2000013c   Data           4  object.o(.data)
    rt_object_take_hook                      0x20000140   Data           4  object.o(.data)
    rt_object_put_hook                       0x20000144   Data           4  object.o(.data)
    rt_current_thread                        0x2000014c   Data           4  scheduler.o(.data)
    rt_current_priority                      0x20000150   Data           1  scheduler.o(.data)
    rt_thread_ready_priority_group           0x20000154   Data           4  scheduler.o(.data)
    rt_thread_defunct                        0x20000158   Data           8  scheduler.o(.data)
    rt_interrupt_from_thread                 0x20000174   Data           4  cpuport.o(.data)
    rt_interrupt_to_thread                   0x20000178   Data           4  cpuport.o(.data)
    rt_thread_switch_interrupt_flag          0x2000017c   Data           4  cpuport.o(.data)
    finsh_compile_sp                         0x20000188   Data           4  finsh_compiler.o(.data)
    finsh_compile_pc                         0x2000018c   Data           4  finsh_compiler.o(.data)
    global_errno                             0x20000190   Data           1  finsh_error.o(.data)
    global_sysvar_list                       0x200001d8   Data           4  finsh_var.o(.data)
    finsh_sp                                 0x200001dc   Data           4  finsh_vm.o(.data)
    finsh_pc                                 0x200001e0   Data           4  finsh_vm.o(.data)
    global_syscall_list                      0x200001e4   Data           4  finsh_vm.o(.data)
    shell                                    0x200001e8   Data           4  shell.o(.data)
    _syscall_table_begin                     0x200001ec   Data           4  symbol.o(.data)
    _syscall_table_end                       0x200001f0   Data           4  symbol.o(.data)
    _sysvar_table_begin                      0x200001f4   Data           4  symbol.o(.data)
    _sysvar_table_end                        0x200001f8   Data           4  symbol.o(.data)
    USART1_TxBuffer                          0x200001fc   Data        1200  motor.o(.bss)
    USART1_RxBuffer                          0x200006ac   Data         128  motor.o(.bss)
    rb_recv                                  0x2000072c   Data          12  motor.o(.bss)
    USART2_TxBuffer                          0x20000738   Data         512  motor.o(.bss)
    USART2_RxBuffer                          0x20000938   Data         128  motor.o(.bss)
    USART3_TxBuffer                          0x200009b8   Data         512  motor.o(.bss)
    USART3_RxBuffer                          0x20000bb8   Data         128  motor.o(.bss)
    Motor1TimeTable                          0x20000c38   Data         374  motor.o(.bss)
    Motor1StepTable                          0x20000dae   Data         374  motor.o(.bss)
    Motor2TimeTable                          0x20000f24   Data         374  motor.o(.bss)
    Motor2StepTable                          0x2000109a   Data         374  motor.o(.bss)
    Motor3TimeTable                          0x20001210   Data         374  motor.o(.bss)
    Motor3StepTable                          0x20001386   Data         374  motor.o(.bss)
    Motor1_23TimeTable                       0x200014fc   Data         374  motor.o(.bss)
    Motor1_23StepTable                       0x20001672   Data         374  motor.o(.bss)
    Motor2_23TimeTable                       0x200017e8   Data         374  motor.o(.bss)
    Motor2_23StepTable                       0x2000195e   Data         374  motor.o(.bss)
    Motor3_23TimeTable                       0x20001ad4   Data         374  motor.o(.bss)
    Motor3_23StepTable                       0x20001c4a   Data         374  motor.o(.bss)
    Motor1_13TimeTable                       0x20001dc0   Data         374  motor.o(.bss)
    Motor1_13StepTable                       0x20001f36   Data         374  motor.o(.bss)
    Motor2_13TimeTable                       0x200020ac   Data         374  motor.o(.bss)
    Motor2_13StepTable                       0x20002222   Data         374  motor.o(.bss)
    Motor3_13TimeTable                       0x20002398   Data         374  motor.o(.bss)
    Motor3_13StepTable                       0x2000250e   Data         374  motor.o(.bss)
    motor1                                   0x20002694   Data          84  motorstart.o(.bss)
    motor2                                   0x200026e8   Data          84  motorstart.o(.bss)
    motor3                                   0x2000273c   Data          84  motorstart.o(.bss)
    motor4                                   0x20002790   Data          82  motorstart.o(.bss)
    uart1_int_rx                             0x200027e4   Data          68  usart.o(.bss)
    serial1                                  0x20002828   Data         124  usart.o(.bss)
    uart2_int_rx                             0x200028a4   Data          68  usart.o(.bss)
    serial2                                  0x200028e8   Data         124  usart.o(.bss)
    uart3_int_rx                             0x20002964   Data          68  usart.o(.bss)
    serial3                                  0x200029a8   Data         124  usart.o(.bss)
    rt_thread_priority_table                 0x20002ac4   Data         256  scheduler.o(.bss)
    finsh_heap                               0x20002bc4   Data         128  finsh_heap.o(.bss)
    global_node_table                        0x20002c44   Data         320  finsh_node.o(.bss)
    global_variable                          0x20002d84   Data         192  finsh_var.o(.bss)
    finsh_vm_stack                           0x20002e44   Data         256  finsh_vm.o(.bss)
    text_segment                             0x20002f44   Data         128  finsh_vm.o(.bss)
    __libspace_start                         0x20003844   Data          96  libspace.o(.bss)
    __temporary_stack_top$libspace           0x200038a4   Data           0  libspace.o(.bss)



==============================================================================

Memory Map of the image

  Image Entry point : 0x080000ed

  Load Region LR_IROM1 (Base: 0x08000000, Size: 0x00016884, Max: 0x00020000, ABSOLUTE, COMPRESSED[0x00016734])

    Execution Region ER_IROM1 (Base: 0x08000000, Size: 0x00016688, Max: 0x00020000, ABSOLUTE)

    Base Addr    Size         Type   Attr      Idx    E Section Name        Object

    0x08000000   0x000000ec   Data   RO          938    RESET               startup_stm32f10x_md.o
    0x080000ec   0x00000008   Code   RO         1584  * !!!main             c_w.l(__main.o)
    0x080000f4   0x00000034   Code   RO         1821    !!!scatter          c_w.l(__scatter.o)
    0x08000128   0x0000005a   Code   RO         1819    !!dczerorl2         c_w.l(__dczerorl2.o)
    0x08000182   0x00000002   PAD
    0x08000184   0x0000001c   Code   RO         1823    !!handler_zi        c_w.l(__scatter_zi.o)
    0x080001a0   0x00000002   Code   RO         1692    .ARM.Collect$$libinit$$00000000  c_w.l(libinit.o)
    0x080001a2   0x00000000   Code   RO         1696    .ARM.Collect$$libinit$$00000002  c_w.l(libinit2.o)
    0x080001a2   0x00000000   Code   RO         1698    .ARM.Collect$$libinit$$00000004  c_w.l(libinit2.o)
    0x080001a2   0x00000000   Code   RO         1701    .ARM.Collect$$libinit$$0000000A  c_w.l(libinit2.o)
    0x080001a2   0x00000000   Code   RO         1703    .ARM.Collect$$libinit$$0000000C  c_w.l(libinit2.o)
    0x080001a2   0x00000000   Code   RO         1705    .ARM.Collect$$libinit$$0000000E  c_w.l(libinit2.o)
    0x080001a2   0x00000006   Code   RO         1706    .ARM.Collect$$libinit$$0000000F  c_w.l(libinit2.o)
    0x080001a8   0x00000000   Code   RO         1708    .ARM.Collect$$libinit$$00000011  c_w.l(libinit2.o)
    0x080001a8   0x0000000c   Code   RO         1709    .ARM.Collect$$libinit$$00000012  c_w.l(libinit2.o)
    0x080001b4   0x00000000   Code   RO         1710    .ARM.Collect$$libinit$$00000013  c_w.l(libinit2.o)
    0x080001b4   0x00000000   Code   RO         1712    .ARM.Collect$$libinit$$00000015  c_w.l(libinit2.o)
    0x080001b4   0x00000000   Code   RO         1714    .ARM.Collect$$libinit$$00000017  c_w.l(libinit2.o)
    0x080001b4   0x00000000   Code   RO         1716    .ARM.Collect$$libinit$$00000019  c_w.l(libinit2.o)
    0x080001b4   0x00000000   Code   RO         1718    .ARM.Collect$$libinit$$0000001B  c_w.l(libinit2.o)
    0x080001b4   0x00000000   Code   RO         1720    .ARM.Collect$$libinit$$0000001D  c_w.l(libinit2.o)
    0x080001b4   0x00000000   Code   RO         1722    .ARM.Collect$$libinit$$0000001F  c_w.l(libinit2.o)
    0x080001b4   0x00000000   Code   RO         1724    .ARM.Collect$$libinit$$00000021  c_w.l(libinit2.o)
    0x080001b4   0x00000000   Code   RO         1726    .ARM.Collect$$libinit$$00000023  c_w.l(libinit2.o)
    0x080001b4   0x00000000   Code   RO         1728    .ARM.Collect$$libinit$$00000025  c_w.l(libinit2.o)
    0x080001b4   0x00000000   Code   RO         1732    .ARM.Collect$$libinit$$0000002C  c_w.l(libinit2.o)
    0x080001b4   0x00000000   Code   RO         1734    .ARM.Collect$$libinit$$0000002E  c_w.l(libinit2.o)
    0x080001b4   0x00000000   Code   RO         1736    .ARM.Collect$$libinit$$00000030  c_w.l(libinit2.o)
    0x080001b4   0x00000000   Code   RO         1738    .ARM.Collect$$libinit$$00000032  c_w.l(libinit2.o)
    0x080001b4   0x00000002   Code   RO         1739    .ARM.Collect$$libinit$$00000033  c_w.l(libinit2.o)
    0x080001b6   0x00000002   Code   RO         1759    .ARM.Collect$$libshutdown$$00000000  c_w.l(libshutdown.o)
    0x080001b8   0x00000000   Code   RO         1772    .ARM.Collect$$libshutdown$$00000002  c_w.l(libshutdown2.o)
    0x080001b8   0x00000000   Code   RO         1774    .ARM.Collect$$libshutdown$$00000004  c_w.l(libshutdown2.o)
    0x080001b8   0x00000000   Code   RO         1777    .ARM.Collect$$libshutdown$$00000007  c_w.l(libshutdown2.o)
    0x080001b8   0x00000000   Code   RO         1780    .ARM.Collect$$libshutdown$$0000000A  c_w.l(libshutdown2.o)
    0x080001b8   0x00000000   Code   RO         1782    .ARM.Collect$$libshutdown$$0000000C  c_w.l(libshutdown2.o)
    0x080001b8   0x00000000   Code   RO         1785    .ARM.Collect$$libshutdown$$0000000F  c_w.l(libshutdown2.o)
    0x080001b8   0x00000002   Code   RO         1786    .ARM.Collect$$libshutdown$$00000010  c_w.l(libshutdown2.o)
    0x080001ba   0x00000000   Code   RO         1630    .ARM.Collect$$rtentry$$00000000  c_w.l(__rtentry.o)
    0x080001ba   0x00000000   Code   RO         1655    .ARM.Collect$$rtentry$$00000002  c_w.l(__rtentry2.o)
    0x080001ba   0x00000006   Code   RO         1667    .ARM.Collect$$rtentry$$00000004  c_w.l(__rtentry4.o)
    0x080001c0   0x00000000   Code   RO         1657    .ARM.Collect$$rtentry$$00000009  c_w.l(__rtentry2.o)
    0x080001c0   0x00000004   Code   RO         1658    .ARM.Collect$$rtentry$$0000000A  c_w.l(__rtentry2.o)
    0x080001c4   0x00000000   Code   RO         1660    .ARM.Collect$$rtentry$$0000000C  c_w.l(__rtentry2.o)
    0x080001c4   0x00000008   Code   RO         1661    .ARM.Collect$$rtentry$$0000000D  c_w.l(__rtentry2.o)
    0x080001cc   0x00000002   Code   RO         1693    .ARM.Collect$$rtexit$$00000000  c_w.l(rtexit.o)
    0x080001ce   0x00000000   Code   RO         1741    .ARM.Collect$$rtexit$$00000002  c_w.l(rtexit2.o)
    0x080001ce   0x00000004   Code   RO         1742    .ARM.Collect$$rtexit$$00000003  c_w.l(rtexit2.o)
    0x080001d2   0x00000006   Code   RO         1743    .ARM.Collect$$rtexit$$00000004  c_w.l(rtexit2.o)
    0x080001d8   0x00000078   Code   RO          167    .text               startup.o
    0x08000250   0x00001f9c   Code   RO          191    .text               motor.o
    0x080021ec   0x00000430   Code   RO          239    .text               motor_it.o
    0x0800261c   0x00000260   Code   RO          288    .text               motorstart.o
    0x0800287c   0x0000046a   Code   RO          316    .text               ringbuffer.o
    0x08002ce6   0x00000002   PAD
    0x08002ce8   0x00000098   Code   RO          336    .text               board.o
    0x08002d80   0x00000208   Code   RO          360    .text               stm32f10x_it.o
    0x08002f88   0x000000e0   Code   RO          387    .text               led.o
    0x08003068   0x00000474   Code   RO          412    .text               usart.o
    0x080034dc   0x000001e0   Code   RO          450    .text               system_stm32f10x.o
    0x080036bc   0x00000844   Code   RO          496    .text               stm32f10x_rcc.o
    0x08003f00   0x000002e4   Code   RO          558    .text               stm32f10x_exti.o
    0x080041e4   0x0000377c   Code   RO          698    .text               stm32f10x_tim.o
    0x08007960   0x00000794   Code   RO          758    .text               stm32f10x_flash.o
    0x080080f4   0x00000a80   Code   RO          798    .text               stm32f10x_gpio.o
    0x08008b74   0x00000dc0   Code   RO          818    .text               stm32f10x_usart.o
    0x08009934   0x000001e4   Code   RO          918    .text               misc.o
    0x08009b18   0x00000040   Code   RO          939    .text               startup_stm32f10x_md.o
    0x08009b58   0x00000064   Code   RO          943    .text               clock.o
    0x08009bbc   0x00000438   Code   RO          957    .text               device.o
    0x08009ff4   0x00001af8   Code   RO          991    .text               ipc.o
    0x0800baec   0x00000048   Code   RO         1008    .text               irq.o
    0x0800bb34   0x000009d0   Code   RO         1023    .text               kservice.o
    0x0800c504   0x000009b4   Code   RO         1040    .text               mem.o
    0x0800ceb8   0x00000348   Code   RO         1077    .text               object.o
    0x0800d200   0x00000334   Code   RO         1097    .text               scheduler.o
    0x0800d534   0x000006ac   Code   RO         1118    .text               thread.o
    0x0800dbe0   0x00000560   Code   RO         1135    .text               timer.o
    0x0800e140   0x00000604   Code   RO         1154    .text               cpuport.o
    0x0800e744   0x000000f0   Code   RO         1170    .text               context_rvds.o
    0x0800e834   0x000005dc   Code   RO         1208    .text               serial.o
    0x0800ee10   0x000004c4   Code   RO         1237    .text               dataqueue.o
    0x0800f2d4   0x00000b94   Code   RO         1275    .text               cmd.o
    0x0800fe68   0x00001818   Code   RO         1298    .text               finsh_compiler.o
    0x08011680   0x0000002c   Code   RO         1335    .text               finsh_error.o
    0x080116ac   0x00000210   Code   RO         1351    .text               finsh_heap.o
    0x080118bc   0x00000058   Code   RO         1367    .text               finsh_init.o
    0x08011914   0x00000184   Code   RO         1385    .text               finsh_node.o
    0x08011a98   0x00000ad8   Code   RO         1400    .text               finsh_ops.o
    0x08012570   0x0000097c   Code   RO         1418    .text               finsh_parser.o
    0x08012eec   0x0000063c   Code   RO         1433    .text               finsh_token.o
    0x08013528   0x0000019c   Code   RO         1448    .text               finsh_var.o
    0x080136c4   0x000000e4   Code   RO         1471    .text               finsh_vm.o
    0x080137a8   0x000009f4   Code   RO         1513    .text               shell.o
    0x0801419c   0x00000040   Code   RO         1545    .text               components.o
    0x080141dc   0x0000001a   Code   RO         1564    .text               c_w.l(atoi.o)
    0x080141f6   0x0000003e   Code   RO         1566    .text               c_w.l(strlen.o)
    0x08014234   0x00000096   Code   RO         1568    .text               c_w.l(strncmp.o)
    0x080142ca   0x0000008a   Code   RO         1570    .text               c_w.l(rt_memcpy_v6.o)
    0x08014354   0x00000064   Code   RO         1572    .text               c_w.l(rt_memcpy_w.o)
    0x080143b8   0x00000044   Code   RO         1574    .text               c_w.l(rt_memclr.o)
    0x080143fc   0x0000004e   Code   RO         1576    .text               c_w.l(rt_memclr_w.o)
    0x0801444a   0x00000056   Code   RO         1578    .text               c_w.l(strncpy.o)
    0x080144a0   0x00000080   Code   RO         1580    .text               c_w.l(strcmpv7m.o)
    0x08014520   0x00000006   Code   RO         1582    .text               c_w.l(heapauxi.o)
    0x08014526   0x00000002   PAD
    0x08014528   0x00000008   Code   RO         1634    .text               c_w.l(rt_errno_addr_intlibspace.o)
    0x08014530   0x00000070   Code   RO         1636    .text               c_w.l(strtol.o)
    0x080145a0   0x00000008   Code   RO         1651    .text               c_w.l(libspace.o)
    0x080145a8   0x00000010   Code   RO         1669    .text               c_w.l(rt_ctype_table.o)
    0x080145b8   0x0000009e   Code   RO         1671    .text               c_w.l(_strtoul.o)
    0x08014656   0x0000004a   Code   RO         1673    .text               c_w.l(sys_stackheap_outer.o)
    0x080146a0   0x00000008   Code   RO         1678    .text               c_w.l(rt_locale_intlibspace.o)
    0x080146a8   0x0000001c   Code   RO         1680    .text               c_w.l(_chval.o)
    0x080146c4   0x00000012   Code   RO         1685    .text               c_w.l(exit.o)
    0x080146d6   0x00000002   PAD
    0x080146d8   0x0000000c   Code   RO         1751    .text               c_w.l(sys_exit.o)
    0x080146e4   0x00000002   Code   RO         1762    .text               c_w.l(use_no_semi.o)
    0x080146e6   0x00000000   Code   RO         1764    .text               c_w.l(indicate_semi.o)
    0x080146e6   0x00000002   PAD
    0x080146e8   0x0000002c   Code   RO         1683    locale$$code        c_w.l(lc_ctype_c.o)
    0x08014714   0x00000062   Code   RO         1586    x$fpl$d2f           fz_ws.l(d2f.o)
    0x08014776   0x00000002   PAD
    0x08014778   0x00000150   Code   RO         1588    x$fpl$dadd          fz_ws.l(daddsub_clz.o)
    0x080148c8   0x00000018   Code   RO         1638    x$fpl$dcmpinf       fz_ws.l(dcmpi.o)
    0x080148e0   0x000002b0   Code   RO         1595    x$fpl$ddiv          fz_ws.l(ddiv.o)
    0x08014b90   0x00000078   Code   RO         1598    x$fpl$dleqf         fz_ws.l(dleqf.o)
    0x08014c08   0x00000154   Code   RO         1600    x$fpl$dmul          fz_ws.l(dmul.o)
    0x08014d5c   0x0000009c   Code   RO         1640    x$fpl$dnaninf       fz_ws.l(dnaninf.o)
    0x08014df8   0x0000000c   Code   RO         1642    x$fpl$dretinf       fz_ws.l(dretinf.o)
    0x08014e04   0x000001d4   Code   RO         1590    x$fpl$dsub          fz_ws.l(daddsub_clz.o)
    0x08014fd8   0x00000056   Code   RO         1602    x$fpl$f2d           fz_ws.l(f2d.o)
    0x0801502e   0x00000002   PAD
    0x08015030   0x000000c4   Code   RO         1604    x$fpl$fadd          fz_ws.l(faddsub_clz.o)
    0x080150f4   0x00000018   Code   RO         1644    x$fpl$fcmpinf       fz_ws.l(fcmpi.o)
    0x0801510c   0x00000184   Code   RO         1611    x$fpl$fdiv          fz_ws.l(fdiv.o)
    0x08015290   0x0000003e   Code   RO         1614    x$fpl$ffixu         fz_ws.l(ffixu.o)
    0x080152ce   0x00000002   PAD
    0x080152d0   0x00000030   Code   RO         1619    x$fpl$fflt          fz_ws.l(fflt_clz.o)
    0x08015300   0x00000068   Code   RO         1624    x$fpl$fleqf         fz_ws.l(fleqf.o)
    0x08015368   0x00000102   Code   RO         1626    x$fpl$fmul          fz_ws.l(fmul.o)
    0x0801546a   0x0000008c   Code   RO         1646    x$fpl$fnaninf       fz_ws.l(fnaninf.o)
    0x080154f6   0x0000000a   Code   RO         1648    x$fpl$fretinf       fz_ws.l(fretinf.o)
    0x08015500   0x00000062   Code   RO         1628    x$fpl$frleqf        fz_ws.l(frleqf.o)
    0x08015562   0x00000002   PAD
    0x08015564   0x000000ea   Code   RO         1606    x$fpl$fsub          fz_ws.l(faddsub_clz.o)
    0x0801564e   0x00000000   Code   RO         1650    x$fpl$usenofp       fz_ws.l(usenofp.o)
    0x0801564e   0x00000024   Data   RO          388    .constdata          led.o
    0x08015672   0x00000002   PAD
    0x08015674   0x00000050   Data   RO          414    .constdata          usart.o
    0x080156c4   0x000000a8   Data   RO          958    .constdata          device.o
    0x0801576c   0x000001d7   Data   RO          992    .constdata          ipc.o
    0x08015943   0x00000122   Data   RO         1025    .constdata          kservice.o
    0x08015a65   0x0000006d   Data   RO         1042    .constdata          mem.o
    0x08015ad2   0x0000005e   Data   RO         1078    .constdata          object.o
    0x08015b30   0x0000004e   Data   RO         1099    .constdata          scheduler.o
    0x08015b7e   0x000000aa   Data   RO         1119    .constdata          thread.o
    0x08015c28   0x0000005c   Data   RO         1136    .constdata          timer.o
    0x08015c84   0x00000013   Data   RO         1155    .constdata          cpuport.o
    0x08015c97   0x00000086   Data   RO         1209    .constdata          serial.o
    0x08015d1d   0x0000004b   Data   RO         1238    .constdata          dataqueue.o
    0x08015d68   0x00000200   Data   RO         1276    .constdata          cmd.o
    0x08015f68   0x000000c4   Data   RO         1401    .constdata          finsh_ops.o
    0x0801602c   0x00000040   Data   RO         1434    .constdata          finsh_token.o
    0x0801606c   0x00000060   Data   RO         1515    .constdata          shell.o
    0x080160cc   0x000000ed   Data   RO         1043    .conststring        mem.o
    0x080161b9   0x00000003   PAD
    0x080161bc   0x0000019d   Data   RO         1277    .conststring        cmd.o
    0x08016359   0x00000003   PAD
    0x0801635c   0x000000f3   Data   RO         1336    .conststring        finsh_error.o
    0x0801644f   0x00000001   PAD
    0x08016450   0x0000003e   Data   RO         1435    .conststring        finsh_token.o
    0x0801648e   0x00000002   PAD
    0x08016490   0x00000004   Data   RO         1546    .rti_fn.0           components.o
    0x08016494   0x00000004   Data   RO         1547    .rti_fn.1.post      components.o
    0x08016498   0x00000004   Data   RO         1517    .rti_fn.3           shell.o
    0x0801649c   0x00000004   Data   RO         1548    .rti_fn.7           components.o
    0x080164a0   0x0000000c   Data   RO          390    FSymTab             led.o
    0x080164ac   0x0000000c   Data   RO         1045    FSymTab             mem.o
    0x080164b8   0x00000090   Data   RO         1279    FSymTab             cmd.o
    0x08016548   0x00000020   Data   RO         1817    Region$$Table       anon$$obj.o
    0x08016568   0x00000010   Data   RO         1280    VSymTab             cmd.o
    0x08016578   0x00000110   Data   RO         1682    locale$$data        c_w.l(lc_ctype_c.o)


    Execution Region RW_IRAM1 (Base: 0x20000000, Size: 0x00003ea8, Max: 0x00005000, ABSOLUTE, COMPRESSED[0x000000ac])

    Base Addr    Size         Type   Attr      Idx    E Section Name        Object

    0x20000000   0x00000030   Data   RW          193    .data               motor.o
    0x20000030   0x00000001   Data   RW          389    .data               led.o
    0x20000031   0x00000003   PAD
    0x20000034   0x00000018   Data   RW          415    .data               usart.o
    0x2000004c   0x00000014   Data   RW          451    .data               system_stm32f10x.o
    0x20000060   0x00000014   Data   RW          497    .data               stm32f10x_rcc.o
    0x20000074   0x00000004   Data   RW          944    .data               clock.o
    0x20000078   0x00000001   Data   RW         1009    .data               irq.o
    0x20000079   0x00000003   PAD
    0x2000007c   0x00000008   Data   RW         1026    .data               kservice.o
    0x20000084   0x00000020   Data   RW         1044    .data               mem.o
    0x200000a4   0x000000a4   Data   RW         1079    .data               object.o
    0x20000148   0x0000001c   Data   RW         1100    .data               scheduler.o
    0x20000164   0x00000010   Data   RW         1137    .data               timer.o
    0x20000174   0x00000010   Data   RW         1156    .data               cpuport.o
    0x20000184   0x00000004   Data   RW         1278    .data               cmd.o
    0x20000188   0x00000008   Data   RW         1299    .data               finsh_compiler.o
    0x20000190   0x00000040   Data   RW         1337    .data               finsh_error.o
    0x200001d0   0x00000008   Data   RW         1353    .data               finsh_heap.o
    0x200001d8   0x00000004   Data   RW         1450    .data               finsh_var.o
    0x200001dc   0x0000000c   Data   RW         1473    .data               finsh_vm.o
    0x200001e8   0x00000004   Data   RW         1516    .data               shell.o
    0x200001ec   0x00000010   Data   RW         1532    .data               symbol.o
    0x200001fc   0x00002498   Zero   RW          192    .bss                motor.o
    0x20002694   0x0000014e   Zero   RW          289    .bss                motorstart.o
    0x200027e2   0x00000002   PAD
    0x200027e4   0x00000240   Zero   RW          413    .bss                usart.o
    0x20002a24   0x00000080   Zero   RW         1024    .bss                kservice.o
    0x20002aa4   0x00000020   Zero   RW         1041    .bss                mem.o
    0x20002ac4   0x00000100   Zero   RW         1098    .bss                scheduler.o
    0x20002bc4   0x00000080   Zero   RW         1352    .bss                finsh_heap.o
    0x20002c44   0x00000140   Zero   RW         1386    .bss                finsh_node.o
    0x20002d84   0x000000c0   Zero   RW         1449    .bss                finsh_var.o
    0x20002e44   0x00000180   Zero   RW         1472    .bss                finsh_vm.o
    0x20002fc4   0x00000880   Zero   RW         1514    .bss                shell.o
    0x20003844   0x00000060   Zero   RW         1652    .bss                c_w.l(libspace.o)
    0x200038a4   0x00000004   PAD
    0x200038a8   0x00000200   Zero   RW          937    HEAP                startup_stm32f10x_md.o
    0x20003aa8   0x00000400   Zero   RW          936    STACK               startup_stm32f10x_md.o


==============================================================================

Image component sizes


      Code (inc. data)   RO Data    RW Data    ZI Data      Debug   Object Name

         0          0          0          0          0     276787   application.o
       152         22          0          0          0      23157   board.o
       100          6          0          4          0       1608   clock.o
      2964       1200       1085          4          0      10871   cmd.o
        64         12         12          0          0       1962   components.o
       240         26          0          0          0        840   context_rvds.o
      1540        750         19         16          0       4187   cpuport.o
      1220        144         75          0          0       6669   dataqueue.o
      1080        166        168          0          0       5569   device.o
      6168        154          0          8          0      11330   finsh_compiler.o
        44         10        243         64          0       1917   finsh_error.o
       528         18          0          8        128       3695   finsh_heap.o
        88          6          0          0          0       1776   finsh_init.o
       388          4          0          0        320       3612   finsh_node.o
      2776         36        196          0          0       9072   finsh_ops.o
      2428         32          0          0          0      10037   finsh_parser.o
      1596         16        126          0          0       6272   finsh_token.o
       412         18          0          4        192       7741   finsh_var.o
       228         34          0         12        384       7454   finsh_vm.o
      6904        466        471          0          0      22431   ipc.o
        72          6          0          1          0       1598   irq.o
      2512        168        290          8        128      11380   kservice.o
       224         10         48          1          0       2265   led.o
      2484        592        358         32         32       6159   mem.o
       484         72          0          0          0       2305   misc.o
      8092        470          0         48       9368      23502   motor.o
      1072         34          0          0          0     209026   motor_it.o
       608         68          0          0        334       6732   motorstart.o
       840        184         94        164          0       6244   object.o
      1130          0          0          0          0       4536   ringbuffer.o
       820        180         78         28        256       5105   scheduler.o
      1500        214        134          0          0       6169   serial.o
      2548        308        100          4       2176       5651   shell.o
       120         80          0          0          0       1258   startup.o
        64         26        236          0       1536        976   startup_stm32f10x_md.o
       740         70          0          0          0       2919   stm32f10x_exti.o
      1940        100          0          0          0       8818   stm32f10x_flash.o
      2688        210          0          0          0       7589   stm32f10x_gpio.o
       520         86          0          0          0       1999   stm32f10x_it.o
      2116        112          0         20          0      10692   stm32f10x_rcc.o
     14204        840          0          0          0      31952   stm32f10x_tim.o
      3520        146          0          0          0      10952   stm32f10x_usart.o
         0          0          0         16          0       4373   symbol.o
       480         38          0         20          0       2279   system_stm32f10x.o
      1708        246        170          0          0       8250   thread.o
      1376        150         92         16          0       7997   timer.o
      1140        166         80         24        576      30827   usart.o

    ----------------------------------------------------------------------
     81924       7696       4118        508      15432     838540   Object Totals
         0          0         32          0          0          0   (incl. Generated)
         2          0         11          6          2          0   (incl. Padding)

    ----------------------------------------------------------------------

      Code (inc. data)   RO Data    RW Data    ZI Data      Debug   Library Member Name

        90          0          0          0          0          0   __dczerorl2.o
         8          0          0          0          0         68   __main.o
         0          0          0          0          0          0   __rtentry.o
        12          0          0          0          0          0   __rtentry2.o
         6          0          0          0          0          0   __rtentry4.o
        52          8          0          0          0          0   __scatter.o
        28          0          0          0          0          0   __scatter_zi.o
        28          0          0          0          0         68   _chval.o
       158          0          0          0          0         92   _strtoul.o
        26          0          0          0          0         80   atoi.o
        18          0          0          0          0         80   exit.o
         6          0          0          0          0        152   heapauxi.o
         0          0          0          0          0          0   indicate_semi.o
        44         10        272          0          0         76   lc_ctype_c.o
         2          0          0          0          0          0   libinit.o
        20          0          0          0          0          0   libinit2.o
         2          0          0          0          0          0   libshutdown.o
         2          0          0          0          0          0   libshutdown2.o
         8          4          0          0         96         68   libspace.o
        16          4          0          0          0         76   rt_ctype_table.o
         8          4          0          0          0         68   rt_errno_addr_intlibspace.o
         8          4          0          0          0         68   rt_locale_intlibspace.o
        68          0          0          0          0         68   rt_memclr.o
        78          0          0          0          0         80   rt_memclr_w.o
       138          0          0          0          0         68   rt_memcpy_v6.o
       100          0          0          0          0         80   rt_memcpy_w.o
         2          0          0          0          0          0   rtexit.o
        10          0          0          0          0          0   rtexit2.o
       128          0          0          0          0         68   strcmpv7m.o
        62          0          0          0          0         76   strlen.o
       150          0          0          0          0         80   strncmp.o
        86          0          0          0          0         76   strncpy.o
       112          0          0          0          0         88   strtol.o
        12          4          0          0          0         68   sys_exit.o
        74          0          0          0          0         80   sys_stackheap_outer.o
         2          0          0          0          0         68   use_no_semi.o
        98          4          0          0          0         92   d2f.o
       804         16          0          0          0        272   daddsub_clz.o
        24          0          0          0          0         68   dcmpi.o
       688        140          0          0          0        208   ddiv.o
       120          4          0          0          0         92   dleqf.o
       340         12          0          0          0        104   dmul.o
       156          4          0          0          0         92   dnaninf.o
        12          0          0          0          0         68   dretinf.o
        86          4          0          0          0         84   f2d.o
       430          8          0          0          0        168   faddsub_clz.o
        24          0          0          0          0         68   fcmpi.o
       388         76          0          0          0         96   fdiv.o
        62          4          0          0          0         84   ffixu.o
        48          0          0          0          0         68   fflt_clz.o
       104          4          0          0          0         84   fleqf.o
       258          4          0          0          0         84   fmul.o
       140          4          0          0          0         84   fnaninf.o
        10          0          0          0          0         68   fretinf.o
        98          0          0          0          0         68   frleqf.o
         0          0          0          0          0          0   usenofp.o

    ----------------------------------------------------------------------
      5470        322        272          0        100       3748   Library Totals
        16          0          0          0          4          0   (incl. Padding)

    ----------------------------------------------------------------------

      Code (inc. data)   RO Data    RW Data    ZI Data      Debug   Library Name

      1564         38        272          0         96       1796   c_w.l
      3890        284          0          0          0       1952   fz_ws.l

    ----------------------------------------------------------------------
      5470        322        272          0        100       3748   Library Totals

    ----------------------------------------------------------------------

==============================================================================


      Code (inc. data)   RO Data    RW Data    ZI Data      Debug   

     87394       8018       4390        508      15532     836564   Grand Totals
     87394       8018       4390        172      15532     836564   ELF Image Totals (compressed)
     87394       8018       4390        172          0          0   ROM Totals

==============================================================================

    Total RO  Size (Code + RO Data)                91784 (  89.63kB)
    Total RW  Size (RW Data + ZI Data)             16040 (  15.66kB)
    Total ROM Size (Code + RO Data + RW Data)      91956 (  89.80kB)

==============================================================================

